Archive member included to satisfy reference by file (symbol)

c:/mounriver/mounriver_studio2/resources/app/resources/win32/components/wch/toolchain/risc-v embedded gcc/bin/../lib/gcc/riscv-none-embed/8.2.0/../../../../riscv-none-embed/lib/rv32ecxw/ilp32e\libprintf.a(wchprintf.o)
                              ./User/main.o (printf)
c:/mounriver/mounriver_studio2/resources/app/resources/win32/components/wch/toolchain/risc-v embedded gcc/bin/../lib/gcc/riscv-none-embed/8.2.0/rv32ecxw/ilp32e\libgcc.a(save-restore.o)
                              ./User/main.o (__riscv_save_2)
c:/mounriver/mounriver_studio2/resources/app/resources/win32/components/wch/toolchain/risc-v embedded gcc/bin/../lib/gcc/riscv-none-embed/8.2.0/rv32ecxw/ilp32e\libgcc.a(muldi3.o)
                              ./Debug/debug.o (__mulsi3)
c:/mounriver/mounriver_studio2/resources/app/resources/win32/components/wch/toolchain/risc-v embedded gcc/bin/../lib/gcc/riscv-none-embed/8.2.0/rv32ecxw/ilp32e\libgcc.a(div.o)
                              ./User/main.o (__divsi3)
c:/mounriver/mounriver_studio2/resources/app/resources/win32/components/wch/toolchain/risc-v embedded gcc/bin/../lib/gcc/riscv-none-embed/8.2.0/../../../../riscv-none-embed/lib/rv32ecxw/ilp32e\libg_nano.a(lib_a-memset.o)
                              ./User/main.o (memset)

Discarded input sections

 .text          0x0000000000000000        0x0 ./User/main.o
 .data          0x0000000000000000        0x0 ./User/main.o
 .bss           0x0000000000000000        0x0 ./User/main.o
 .text.millis   0x0000000000000000        0xa ./User/main.o
 .text          0x0000000000000000        0x0 ./User/nrf24_simple.o
 .data          0x0000000000000000        0x0 ./User/nrf24_simple.o
 .bss           0x0000000000000000        0x0 ./User/nrf24_simple.o
 .text.nrf24_set_rx_addr
                0x0000000000000000       0x42 ./User/nrf24_simple.o
 .text.nrf24_get_observe_tx
                0x0000000000000000       0x1a ./User/nrf24_simple.o
 .text.nrf24_get_setup
                0x0000000000000000       0x1a ./User/nrf24_simple.o
 .rodata.nrf24_set_rx_addr.str1.4
                0x0000000000000000       0x12 ./User/nrf24_simple.o
 .text          0x0000000000000000        0x0 ./User/system_ch32v00x.o
 .data          0x0000000000000000        0x0 ./User/system_ch32v00x.o
 .bss           0x0000000000000000        0x0 ./User/system_ch32v00x.o
 .text          0x0000000000000000        0x0 ./Startup/startup_ch32v00x.o
 .data          0x0000000000000000        0x0 ./Startup/startup_ch32v00x.o
 .bss           0x0000000000000000        0x0 ./Startup/startup_ch32v00x.o
 .text          0x0000000000000000        0x0 ./Peripheral/src/ch32v00x_adc.o
 .data          0x0000000000000000        0x0 ./Peripheral/src/ch32v00x_adc.o
 .bss           0x0000000000000000        0x0 ./Peripheral/src/ch32v00x_adc.o
 .text.ADC_StructInit
                0x0000000000000000       0x1a ./Peripheral/src/ch32v00x_adc.o
 .text.ADC_DMACmd
                0x0000000000000000       0x12 ./Peripheral/src/ch32v00x_adc.o
 .text.ADC_ITConfig
                0x0000000000000000       0x16 ./Peripheral/src/ch32v00x_adc.o
 .text.ADC_GetSoftwareStartConvStatus
                0x0000000000000000        0x8 ./Peripheral/src/ch32v00x_adc.o
 .text.ADC_DiscModeChannelCountConfig
                0x0000000000000000       0x12 ./Peripheral/src/ch32v00x_adc.o
 .text.ADC_DiscModeCmd
                0x0000000000000000       0x1a ./Peripheral/src/ch32v00x_adc.o
 .text.ADC_ExternalTrigConvCmd
                0x0000000000000000       0x18 ./Peripheral/src/ch32v00x_adc.o
 .text.ADC_AutoInjectedConvCmd
                0x0000000000000000       0x12 ./Peripheral/src/ch32v00x_adc.o
 .text.ADC_InjectedDiscModeCmd
                0x0000000000000000       0x14 ./Peripheral/src/ch32v00x_adc.o
 .text.ADC_ExternalTrigInjectedConvConfig
                0x0000000000000000        0xe ./Peripheral/src/ch32v00x_adc.o
 .text.ADC_ExternalTrigInjectedConvCmd
                0x0000000000000000       0x14 ./Peripheral/src/ch32v00x_adc.o
 .text.ADC_SoftwareStartInjectedConvCmd
                0x0000000000000000       0x18 ./Peripheral/src/ch32v00x_adc.o
 .text.ADC_GetSoftwareStartInjectedConvCmdStatus
                0x0000000000000000        0x8 ./Peripheral/src/ch32v00x_adc.o
 .text.ADC_InjectedChannelConfig
                0x0000000000000000       0x7a ./Peripheral/src/ch32v00x_adc.o
 .text.ADC_InjectedSequencerLengthConfig
                0x0000000000000000       0x14 ./Peripheral/src/ch32v00x_adc.o
 .text.ADC_SetInjectedOffset
                0x0000000000000000       0x14 ./Peripheral/src/ch32v00x_adc.o
 .text.ADC_GetInjectedConversionValue
                0x0000000000000000       0x1c ./Peripheral/src/ch32v00x_adc.o
 .text.ADC_AnalogWatchdogCmd
                0x0000000000000000       0x12 ./Peripheral/src/ch32v00x_adc.o
 .text.ADC_AnalogWatchdogThresholdsConfig
                0x0000000000000000        0x6 ./Peripheral/src/ch32v00x_adc.o
 .text.ADC_AnalogWatchdogSingleChannelConfig
                0x0000000000000000        0xa ./Peripheral/src/ch32v00x_adc.o
 .text.ADC_ClearFlag
                0x0000000000000000        0x8 ./Peripheral/src/ch32v00x_adc.o
 .text.ADC_GetITStatus
                0x0000000000000000       0x1c ./Peripheral/src/ch32v00x_adc.o
 .text.ADC_ClearITPendingBit
                0x0000000000000000        0xa ./Peripheral/src/ch32v00x_adc.o
 .text.ADC_Calibration_Vol
                0x0000000000000000       0x14 ./Peripheral/src/ch32v00x_adc.o
 .text.ADC_ExternalTrig_DLY
                0x0000000000000000       0x16 ./Peripheral/src/ch32v00x_adc.o
 .text          0x0000000000000000        0x0 ./Peripheral/src/ch32v00x_dbgmcu.o
 .data          0x0000000000000000        0x0 ./Peripheral/src/ch32v00x_dbgmcu.o
 .bss           0x0000000000000000        0x0 ./Peripheral/src/ch32v00x_dbgmcu.o
 .text.DBGMCU_GetREVID
                0x0000000000000000        0xa ./Peripheral/src/ch32v00x_dbgmcu.o
 .text.DBGMCU_GetDEVID
                0x0000000000000000        0xa ./Peripheral/src/ch32v00x_dbgmcu.o
 .text.__get_DEBUG_CR
                0x0000000000000000        0x6 ./Peripheral/src/ch32v00x_dbgmcu.o
 .text.__set_DEBUG_CR
                0x0000000000000000        0x6 ./Peripheral/src/ch32v00x_dbgmcu.o
 .text.DBGMCU_Config
                0x0000000000000000       0x14 ./Peripheral/src/ch32v00x_dbgmcu.o
 .text.DBGMCU_GetCHIPID
                0x0000000000000000        0xa ./Peripheral/src/ch32v00x_dbgmcu.o
 .debug_info    0x0000000000000000      0x1e6 ./Peripheral/src/ch32v00x_dbgmcu.o
 .debug_abbrev  0x0000000000000000      0x18e ./Peripheral/src/ch32v00x_dbgmcu.o
 .debug_loc     0x0000000000000000       0x6e ./Peripheral/src/ch32v00x_dbgmcu.o
 .debug_aranges
                0x0000000000000000       0x48 ./Peripheral/src/ch32v00x_dbgmcu.o
 .debug_ranges  0x0000000000000000       0x50 ./Peripheral/src/ch32v00x_dbgmcu.o
 .debug_line    0x0000000000000000      0x365 ./Peripheral/src/ch32v00x_dbgmcu.o
 .debug_str     0x0000000000000000      0x278 ./Peripheral/src/ch32v00x_dbgmcu.o
 .comment       0x0000000000000000       0x34 ./Peripheral/src/ch32v00x_dbgmcu.o
 .debug_frame   0x0000000000000000       0x70 ./Peripheral/src/ch32v00x_dbgmcu.o
 .text          0x0000000000000000        0x0 ./Peripheral/src/ch32v00x_dma.o
 .data          0x0000000000000000        0x0 ./Peripheral/src/ch32v00x_dma.o
 .bss           0x0000000000000000        0x0 ./Peripheral/src/ch32v00x_dma.o
 .text.DMA_DeInit
                0x0000000000000000       0x92 ./Peripheral/src/ch32v00x_dma.o
 .text.DMA_Init
                0x0000000000000000       0x38 ./Peripheral/src/ch32v00x_dma.o
 .text.DMA_StructInit
                0x0000000000000000       0x2e ./Peripheral/src/ch32v00x_dma.o
 .text.DMA_Cmd  0x0000000000000000       0x14 ./Peripheral/src/ch32v00x_dma.o
 .text.DMA_ITConfig
                0x0000000000000000       0x12 ./Peripheral/src/ch32v00x_dma.o
 .text.DMA_SetCurrDataCounter
                0x0000000000000000        0x4 ./Peripheral/src/ch32v00x_dma.o
 .text.DMA_GetCurrDataCounter
                0x0000000000000000        0x8 ./Peripheral/src/ch32v00x_dma.o
 .text.DMA_GetFlagStatus
                0x0000000000000000        0xe ./Peripheral/src/ch32v00x_dma.o
 .text.DMA_ClearFlag
                0x0000000000000000        0x8 ./Peripheral/src/ch32v00x_dma.o
 .text.DMA_GetITStatus
                0x0000000000000000       0x18 ./Peripheral/src/ch32v00x_dma.o
 .text.DMA_ClearITPendingBit
                0x0000000000000000        0x8 ./Peripheral/src/ch32v00x_dma.o
 .debug_info    0x0000000000000000      0x469 ./Peripheral/src/ch32v00x_dma.o
 .debug_abbrev  0x0000000000000000      0x1c2 ./Peripheral/src/ch32v00x_dma.o
 .debug_loc     0x0000000000000000      0x14a ./Peripheral/src/ch32v00x_dma.o
 .debug_aranges
                0x0000000000000000       0x60 ./Peripheral/src/ch32v00x_dma.o
 .debug_ranges  0x0000000000000000       0x50 ./Peripheral/src/ch32v00x_dma.o
 .debug_line    0x0000000000000000      0x791 ./Peripheral/src/ch32v00x_dma.o
 .debug_str     0x0000000000000000      0x425 ./Peripheral/src/ch32v00x_dma.o
 .comment       0x0000000000000000       0x34 ./Peripheral/src/ch32v00x_dma.o
 .debug_frame   0x0000000000000000       0xcc ./Peripheral/src/ch32v00x_dma.o
 .text          0x0000000000000000        0x0 ./Peripheral/src/ch32v00x_exti.o
 .data          0x0000000000000000        0x0 ./Peripheral/src/ch32v00x_exti.o
 .bss           0x0000000000000000        0x0 ./Peripheral/src/ch32v00x_exti.o
 .text.EXTI_DeInit
                0x0000000000000000       0x22 ./Peripheral/src/ch32v00x_exti.o
 .text.EXTI_StructInit
                0x0000000000000000       0x12 ./Peripheral/src/ch32v00x_exti.o
 .text.EXTI_GenerateSWInterrupt
                0x0000000000000000       0x10 ./Peripheral/src/ch32v00x_exti.o
 .text.EXTI_GetFlagStatus
                0x0000000000000000       0x12 ./Peripheral/src/ch32v00x_exti.o
 .text.EXTI_ClearFlag
                0x0000000000000000        0xa ./Peripheral/src/ch32v00x_exti.o
 .text.EXTI_GetITStatus
                0x0000000000000000       0x1e ./Peripheral/src/ch32v00x_exti.o
 .text          0x0000000000000000        0x0 ./Peripheral/src/ch32v00x_flash.o
 .data          0x0000000000000000        0x0 ./Peripheral/src/ch32v00x_flash.o
 .bss           0x0000000000000000        0x0 ./Peripheral/src/ch32v00x_flash.o
 .text.ROM_ERASE
                0x0000000000000000       0x60 ./Peripheral/src/ch32v00x_flash.o
 .text.FLASH_SetLatency
                0x0000000000000000        0xe ./Peripheral/src/ch32v00x_flash.o
 .text.FLASH_GetUserOptionByte
                0x0000000000000000        0xa ./Peripheral/src/ch32v00x_flash.o
 .text.FLASH_GetWriteProtectionOptionByte
                0x0000000000000000        0x8 ./Peripheral/src/ch32v00x_flash.o
 .text.FLASH_GetReadOutProtectionStatus
                0x0000000000000000        0xc ./Peripheral/src/ch32v00x_flash.o
 .text.FLASH_ITConfig
                0x0000000000000000       0x1e ./Peripheral/src/ch32v00x_flash.o
 .text.FLASH_GetFlagStatus
                0x0000000000000000       0x1e ./Peripheral/src/ch32v00x_flash.o
 .text.FLASH_ClearFlag
                0x0000000000000000        0x8 ./Peripheral/src/ch32v00x_flash.o
 .text.FLASH_GetStatus
                0x0000000000000000       0x18 ./Peripheral/src/ch32v00x_flash.o
 .text.FLASH_EraseAllPages
                0x0000000000000000       0x48 ./Peripheral/src/ch32v00x_flash.o
 .text.FLASH_EraseOptionBytes
                0x0000000000000000       0x9a ./Peripheral/src/ch32v00x_flash.o
 .text.FLASH_ProgramHalfWord
                0x0000000000000000       0x48 ./Peripheral/src/ch32v00x_flash.o
 .text.FLASH_ProgramOptionByteData
                0x0000000000000000       0x66 ./Peripheral/src/ch32v00x_flash.o
 .text.FLASH_EnableWriteProtection
                0x0000000000000000       0x9e ./Peripheral/src/ch32v00x_flash.o
 .text.FLASH_ReadOutProtection
                0x0000000000000000       0xae ./Peripheral/src/ch32v00x_flash.o
 .text.FLASH_UserOptionByteConfig
                0x0000000000000000       0x7a ./Peripheral/src/ch32v00x_flash.o
 .text.FLASH_WaitForLastBank1Operation
                0x0000000000000000       0x18 ./Peripheral/src/ch32v00x_flash.o
 .text.FLASH_Unlock_Fast
                0x0000000000000000       0x1e ./Peripheral/src/ch32v00x_flash.o
 .text.FLASH_Lock_Fast
                0x0000000000000000        0xe ./Peripheral/src/ch32v00x_flash.o
 .text.FLASH_BufReset
                0x0000000000000000       0x28 ./Peripheral/src/ch32v00x_flash.o
 .text.FLASH_BufLoad
                0x0000000000000000       0x36 ./Peripheral/src/ch32v00x_flash.o
 .text.FLASH_ErasePage_Fast
                0x0000000000000000       0x36 ./Peripheral/src/ch32v00x_flash.o
 .text.FLASH_ProgramPage_Fast
                0x0000000000000000       0x34 ./Peripheral/src/ch32v00x_flash.o
 .text.SystemReset_StartMode
                0x0000000000000000       0x56 ./Peripheral/src/ch32v00x_flash.o
 .text.FLASH_ROM_ERASE
                0x0000000000000000      0x140 ./Peripheral/src/ch32v00x_flash.o
 .text.FLASH_ROM_WRITE
                0x0000000000000000       0xf6 ./Peripheral/src/ch32v00x_flash.o
 .text          0x0000000000000000        0x0 ./Peripheral/src/ch32v00x_gpio.o
 .data          0x0000000000000000        0x0 ./Peripheral/src/ch32v00x_gpio.o
 .bss           0x0000000000000000        0x0 ./Peripheral/src/ch32v00x_gpio.o
 .text.GPIO_DeInit
                0x0000000000000000       0x68 ./Peripheral/src/ch32v00x_gpio.o
 .text.GPIO_AFIODeInit
                0x0000000000000000       0x28 ./Peripheral/src/ch32v00x_gpio.o
 .text.GPIO_StructInit
                0x0000000000000000        0xe ./Peripheral/src/ch32v00x_gpio.o
 .text.GPIO_ReadInputData
                0x0000000000000000        0x8 ./Peripheral/src/ch32v00x_gpio.o
 .text.GPIO_ReadOutputDataBit
                0x0000000000000000        0xa ./Peripheral/src/ch32v00x_gpio.o
 .text.GPIO_ReadOutputData
                0x0000000000000000        0x8 ./Peripheral/src/ch32v00x_gpio.o
 .text.GPIO_WriteBit
                0x0000000000000000        0xa ./Peripheral/src/ch32v00x_gpio.o
 .text.GPIO_Write
                0x0000000000000000        0x4 ./Peripheral/src/ch32v00x_gpio.o
 .text.GPIO_PinLockConfig
                0x0000000000000000       0x10 ./Peripheral/src/ch32v00x_gpio.o
 .text.GPIO_PinRemapConfig
                0x0000000000000000       0xc4 ./Peripheral/src/ch32v00x_gpio.o
 .text.GPIO_IPD_Unused
                0x0000000000000000       0xa4 ./Peripheral/src/ch32v00x_gpio.o
 .text          0x0000000000000000        0x0 ./Peripheral/src/ch32v00x_i2c.o
 .data          0x0000000000000000        0x0 ./Peripheral/src/ch32v00x_i2c.o
 .bss           0x0000000000000000        0x0 ./Peripheral/src/ch32v00x_i2c.o
 .text.I2C_DeInit
                0x0000000000000000       0x3a ./Peripheral/src/ch32v00x_i2c.o
 .text.I2C_Init
                0x0000000000000000      0x100 ./Peripheral/src/ch32v00x_i2c.o
 .text.I2C_StructInit
                0x0000000000000000       0x18 ./Peripheral/src/ch32v00x_i2c.o
 .text.I2C_Cmd  0x0000000000000000       0x18 ./Peripheral/src/ch32v00x_i2c.o
 .text.I2C_DMACmd
                0x0000000000000000       0x1e ./Peripheral/src/ch32v00x_i2c.o
 .text.I2C_DMALastTransferCmd
                0x0000000000000000       0x16 ./Peripheral/src/ch32v00x_i2c.o
 .text.I2C_GenerateSTART
                0x0000000000000000       0x1a ./Peripheral/src/ch32v00x_i2c.o
 .text.I2C_GenerateSTOP
                0x0000000000000000       0x1a ./Peripheral/src/ch32v00x_i2c.o
 .text.I2C_AcknowledgeConfig
                0x0000000000000000       0x1a ./Peripheral/src/ch32v00x_i2c.o
 .text.I2C_OwnAddress2Config
                0x0000000000000000       0x14 ./Peripheral/src/ch32v00x_i2c.o
 .text.I2C_DualAddressCmd
                0x0000000000000000       0x18 ./Peripheral/src/ch32v00x_i2c.o
 .text.I2C_GeneralCallCmd
                0x0000000000000000       0x1a ./Peripheral/src/ch32v00x_i2c.o
 .text.I2C_ITConfig
                0x0000000000000000       0x12 ./Peripheral/src/ch32v00x_i2c.o
 .text.I2C_SendData
                0x0000000000000000        0x4 ./Peripheral/src/ch32v00x_i2c.o
 .text.I2C_ReceiveData
                0x0000000000000000        0x8 ./Peripheral/src/ch32v00x_i2c.o
 .text.I2C_Send7bitAddress
                0x0000000000000000       0x12 ./Peripheral/src/ch32v00x_i2c.o
 .text.I2C_ReadRegister
                0x0000000000000000       0x14 ./Peripheral/src/ch32v00x_i2c.o
 .text.I2C_SoftwareResetCmd
                0x0000000000000000       0x12 ./Peripheral/src/ch32v00x_i2c.o
 .text.I2C_NACKPositionConfig
                0x0000000000000000       0x22 ./Peripheral/src/ch32v00x_i2c.o
 .text.I2C_TransmitPEC
                0x0000000000000000       0x16 ./Peripheral/src/ch32v00x_i2c.o
 .text.I2C_PECPositionConfig
                0x0000000000000000       0x18 ./Peripheral/src/ch32v00x_i2c.o
 .text.I2C_CalculatePEC
                0x0000000000000000       0x1a ./Peripheral/src/ch32v00x_i2c.o
 .text.I2C_GetPEC
                0x0000000000000000        0x6 ./Peripheral/src/ch32v00x_i2c.o
 .text.I2C_ARPCmd
                0x0000000000000000       0x18 ./Peripheral/src/ch32v00x_i2c.o
 .text.I2C_StretchClockCmd
                0x0000000000000000       0x1a ./Peripheral/src/ch32v00x_i2c.o
 .text.I2C_FastModeDutyCycleConfig
                0x0000000000000000       0x1a ./Peripheral/src/ch32v00x_i2c.o
 .text.I2C_CheckEvent
                0x0000000000000000       0x16 ./Peripheral/src/ch32v00x_i2c.o
 .text.I2C_GetLastEvent
                0x0000000000000000        0xe ./Peripheral/src/ch32v00x_i2c.o
 .text.I2C_GetFlagStatus
                0x0000000000000000       0x32 ./Peripheral/src/ch32v00x_i2c.o
 .text.I2C_ClearFlag
                0x0000000000000000        0xc ./Peripheral/src/ch32v00x_i2c.o
 .text.I2C_GetITStatus
                0x0000000000000000       0x20 ./Peripheral/src/ch32v00x_i2c.o
 .text.I2C_ClearITPendingBit
                0x0000000000000000        0xc ./Peripheral/src/ch32v00x_i2c.o
 .debug_info    0x0000000000000000      0xb69 ./Peripheral/src/ch32v00x_i2c.o
 .debug_abbrev  0x0000000000000000      0x267 ./Peripheral/src/ch32v00x_i2c.o
 .debug_loc     0x0000000000000000      0x720 ./Peripheral/src/ch32v00x_i2c.o
 .debug_aranges
                0x0000000000000000      0x108 ./Peripheral/src/ch32v00x_i2c.o
 .debug_ranges  0x0000000000000000       0xf8 ./Peripheral/src/ch32v00x_i2c.o
 .debug_line    0x0000000000000000     0x1078 ./Peripheral/src/ch32v00x_i2c.o
 .debug_str     0x0000000000000000      0x6e4 ./Peripheral/src/ch32v00x_i2c.o
 .comment       0x0000000000000000       0x34 ./Peripheral/src/ch32v00x_i2c.o
 .debug_frame   0x0000000000000000      0x254 ./Peripheral/src/ch32v00x_i2c.o
 .text          0x0000000000000000        0x0 ./Peripheral/src/ch32v00x_iwdg.o
 .data          0x0000000000000000        0x0 ./Peripheral/src/ch32v00x_iwdg.o
 .bss           0x0000000000000000        0x0 ./Peripheral/src/ch32v00x_iwdg.o
 .text.IWDG_WriteAccessCmd
                0x0000000000000000        0x8 ./Peripheral/src/ch32v00x_iwdg.o
 .text.IWDG_SetPrescaler
                0x0000000000000000        0x8 ./Peripheral/src/ch32v00x_iwdg.o
 .text.IWDG_SetReload
                0x0000000000000000        0x8 ./Peripheral/src/ch32v00x_iwdg.o
 .text.IWDG_ReloadCounter
                0x0000000000000000        0xe ./Peripheral/src/ch32v00x_iwdg.o
 .text.IWDG_Enable
                0x0000000000000000       0x18 ./Peripheral/src/ch32v00x_iwdg.o
 .text.IWDG_GetFlagStatus
                0x0000000000000000        0xe ./Peripheral/src/ch32v00x_iwdg.o
 .debug_info    0x0000000000000000      0x298 ./Peripheral/src/ch32v00x_iwdg.o
 .debug_abbrev  0x0000000000000000      0x139 ./Peripheral/src/ch32v00x_iwdg.o
 .debug_loc     0x0000000000000000       0x68 ./Peripheral/src/ch32v00x_iwdg.o
 .debug_aranges
                0x0000000000000000       0x48 ./Peripheral/src/ch32v00x_iwdg.o
 .debug_ranges  0x0000000000000000       0x38 ./Peripheral/src/ch32v00x_iwdg.o
 .debug_line    0x0000000000000000      0x3e9 ./Peripheral/src/ch32v00x_iwdg.o
 .debug_str     0x0000000000000000      0x32b ./Peripheral/src/ch32v00x_iwdg.o
 .comment       0x0000000000000000       0x34 ./Peripheral/src/ch32v00x_iwdg.o
 .debug_frame   0x0000000000000000       0x70 ./Peripheral/src/ch32v00x_iwdg.o
 .text          0x0000000000000000        0x0 ./Peripheral/src/ch32v00x_misc.o
 .data          0x0000000000000000        0x0 ./Peripheral/src/ch32v00x_misc.o
 .bss           0x0000000000000000        0x0 ./Peripheral/src/ch32v00x_misc.o
 .text.NVIC_PriorityGroupConfig
                0x0000000000000000        0xa ./Peripheral/src/ch32v00x_misc.o
 .text          0x0000000000000000        0x0 ./Peripheral/src/ch32v00x_opa.o
 .data          0x0000000000000000        0x0 ./Peripheral/src/ch32v00x_opa.o
 .bss           0x0000000000000000        0x0 ./Peripheral/src/ch32v00x_opa.o
 .text.OPA_DeInit
                0x0000000000000000       0x16 ./Peripheral/src/ch32v00x_opa.o
 .text.OPA_Init
                0x0000000000000000       0x22 ./Peripheral/src/ch32v00x_opa.o
 .text.OPA_StructInit
                0x0000000000000000        0xa ./Peripheral/src/ch32v00x_opa.o
 .text.OPA_Cmd  0x0000000000000000       0x2c ./Peripheral/src/ch32v00x_opa.o
 .debug_info    0x0000000000000000      0x1f7 ./Peripheral/src/ch32v00x_opa.o
 .debug_abbrev  0x0000000000000000      0x11f ./Peripheral/src/ch32v00x_opa.o
 .debug_loc     0x0000000000000000       0x35 ./Peripheral/src/ch32v00x_opa.o
 .debug_aranges
                0x0000000000000000       0x38 ./Peripheral/src/ch32v00x_opa.o
 .debug_ranges  0x0000000000000000       0x28 ./Peripheral/src/ch32v00x_opa.o
 .debug_line    0x0000000000000000      0x3df ./Peripheral/src/ch32v00x_opa.o
 .debug_str     0x0000000000000000      0x29f ./Peripheral/src/ch32v00x_opa.o
 .comment       0x0000000000000000       0x34 ./Peripheral/src/ch32v00x_opa.o
 .debug_frame   0x0000000000000000       0x50 ./Peripheral/src/ch32v00x_opa.o
 .text          0x0000000000000000        0x0 ./Peripheral/src/ch32v00x_pwr.o
 .data          0x0000000000000000        0x0 ./Peripheral/src/ch32v00x_pwr.o
 .bss           0x0000000000000000        0x0 ./Peripheral/src/ch32v00x_pwr.o
 .text.PWR_DeInit
                0x0000000000000000       0x2c ./Peripheral/src/ch32v00x_pwr.o
 .text.PWR_PVDCmd
                0x0000000000000000       0x14 ./Peripheral/src/ch32v00x_pwr.o
 .text.PWR_PVDLevelConfig
                0x0000000000000000       0x10 ./Peripheral/src/ch32v00x_pwr.o
 .text.PWR_EnterSTANDBYMode
                0x0000000000000000       0xfc ./Peripheral/src/ch32v00x_pwr.o
 .text.PWR_GetFlagStatus
                0x0000000000000000        0xe ./Peripheral/src/ch32v00x_pwr.o
 .text          0x0000000000000000        0x0 ./Peripheral/src/ch32v00x_rcc.o
 .data          0x0000000000000000        0x0 ./Peripheral/src/ch32v00x_rcc.o
 .bss           0x0000000000000000        0x0 ./Peripheral/src/ch32v00x_rcc.o
 .text.RCC_HSEConfig
                0x0000000000000000       0x3c ./Peripheral/src/ch32v00x_rcc.o
 .text.RCC_AdjustHSICalibrationValue
                0x0000000000000000       0x12 ./Peripheral/src/ch32v00x_rcc.o
 .text.RCC_DeInit
                0x0000000000000000       0x58 ./Peripheral/src/ch32v00x_rcc.o
 .text.RCC_HSICmd
                0x0000000000000000       0x14 ./Peripheral/src/ch32v00x_rcc.o
 .text.RCC_PLLConfig
                0x0000000000000000       0x12 ./Peripheral/src/ch32v00x_rcc.o
 .text.RCC_PLLCmd
                0x0000000000000000       0x24 ./Peripheral/src/ch32v00x_rcc.o
 .text.RCC_SYSCLKConfig
                0x0000000000000000       0x4e ./Peripheral/src/ch32v00x_rcc.o
 .text.RCC_GetSYSCLKSource
                0x0000000000000000        0xa ./Peripheral/src/ch32v00x_rcc.o
 .text.RCC_HCLKConfig
                0x0000000000000000       0x10 ./Peripheral/src/ch32v00x_rcc.o
 .text.RCC_ITConfig
                0x0000000000000000       0x16 ./Peripheral/src/ch32v00x_rcc.o
 .text.RCC_AHBPeriphClockCmd
                0x0000000000000000       0x1e ./Peripheral/src/ch32v00x_rcc.o
 .text.RCC_APB1PeriphResetCmd
                0x0000000000000000       0x1e ./Peripheral/src/ch32v00x_rcc.o
 .text.RCC_ClockSecuritySystemCmd
                0x0000000000000000       0x24 ./Peripheral/src/ch32v00x_rcc.o
 .text.RCC_MCOConfig
                0x0000000000000000        0x8 ./Peripheral/src/ch32v00x_rcc.o
 .text.RCC_WaitForHSEStartUp
                0x0000000000000000       0x42 ./Peripheral/src/ch32v00x_rcc.o
 .text.RCC_ClearFlag
                0x0000000000000000       0x10 ./Peripheral/src/ch32v00x_rcc.o
 .text.RCC_GetITStatus
                0x0000000000000000        0xe ./Peripheral/src/ch32v00x_rcc.o
 .text.RCC_ClearITPendingBit
                0x0000000000000000        0x8 ./Peripheral/src/ch32v00x_rcc.o
 .text          0x0000000000000000        0x0 ./Peripheral/src/ch32v00x_spi.o
 .data          0x0000000000000000        0x0 ./Peripheral/src/ch32v00x_spi.o
 .bss           0x0000000000000000        0x0 ./Peripheral/src/ch32v00x_spi.o
 .text.SPI_I2S_DeInit
                0x0000000000000000       0x32 ./Peripheral/src/ch32v00x_spi.o
 .text.SPI_StructInit
                0x0000000000000000       0x22 ./Peripheral/src/ch32v00x_spi.o
 .text.SPI_I2S_ITConfig
                0x0000000000000000       0x1e ./Peripheral/src/ch32v00x_spi.o
 .text.SPI_I2S_DMACmd
                0x0000000000000000       0x12 ./Peripheral/src/ch32v00x_spi.o
 .text.SPI_NSSInternalSoftwareConfig
                0x0000000000000000       0x24 ./Peripheral/src/ch32v00x_spi.o
 .text.SPI_SSOutputCmd
                0x0000000000000000       0x18 ./Peripheral/src/ch32v00x_spi.o
 .text.SPI_DataSizeConfig
                0x0000000000000000       0x14 ./Peripheral/src/ch32v00x_spi.o
 .text.SPI_TransmitCRC
                0x0000000000000000        0xa ./Peripheral/src/ch32v00x_spi.o
 .text.SPI_CalculateCRC
                0x0000000000000000       0x16 ./Peripheral/src/ch32v00x_spi.o
 .text.SPI_GetCRC
                0x0000000000000000       0x12 ./Peripheral/src/ch32v00x_spi.o
 .text.SPI_GetCRCPolynomial
                0x0000000000000000        0x4 ./Peripheral/src/ch32v00x_spi.o
 .text.SPI_BiDirectionalLineConfig
                0x0000000000000000       0x1a ./Peripheral/src/ch32v00x_spi.o
 .text.SPI_I2S_ClearFlag
                0x0000000000000000        0xc ./Peripheral/src/ch32v00x_spi.o
 .text.SPI_I2S_GetITStatus
                0x0000000000000000       0x28 ./Peripheral/src/ch32v00x_spi.o
 .text.SPI_I2S_ClearITPendingBit
                0x0000000000000000       0x14 ./Peripheral/src/ch32v00x_spi.o
 .text          0x0000000000000000        0x0 ./Peripheral/src/ch32v00x_tim.o
 .data          0x0000000000000000        0x0 ./Peripheral/src/ch32v00x_tim.o
 .bss           0x0000000000000000        0x0 ./Peripheral/src/ch32v00x_tim.o
 .text.TI1_Config
                0x0000000000000000       0x5a ./Peripheral/src/ch32v00x_tim.o
 .text.TI2_Config
                0x0000000000000000       0x70 ./Peripheral/src/ch32v00x_tim.o
 .text.TIM_DeInit
                0x0000000000000000       0x5c ./Peripheral/src/ch32v00x_tim.o
 .text.TIM_OC1Init
                0x0000000000000000       0x6a ./Peripheral/src/ch32v00x_tim.o
 .text.TIM_OC2Init
                0x0000000000000000       0x96 ./Peripheral/src/ch32v00x_tim.o
 .text.TIM_OC3Init
                0x0000000000000000       0x94 ./Peripheral/src/ch32v00x_tim.o
 .text.TIM_OC4Init
                0x0000000000000000       0x6e ./Peripheral/src/ch32v00x_tim.o
 .text.TIM_BDTRConfig
                0x0000000000000000       0x20 ./Peripheral/src/ch32v00x_tim.o
 .text.TIM_TimeBaseStructInit
                0x0000000000000000       0x16 ./Peripheral/src/ch32v00x_tim.o
 .text.TIM_OCStructInit
                0x0000000000000000       0x22 ./Peripheral/src/ch32v00x_tim.o
 .text.TIM_ICStructInit
                0x0000000000000000       0x16 ./Peripheral/src/ch32v00x_tim.o
 .text.TIM_BDTRStructInit
                0x0000000000000000       0x1e ./Peripheral/src/ch32v00x_tim.o
 .text.TIM_CtrlPWMOutputs
                0x0000000000000000       0x16 ./Peripheral/src/ch32v00x_tim.o
 .text.TIM_GenerateEvent
                0x0000000000000000        0x4 ./Peripheral/src/ch32v00x_tim.o
 .text.TIM_DMAConfig
                0x0000000000000000        0x8 ./Peripheral/src/ch32v00x_tim.o
 .text.TIM_DMACmd
                0x0000000000000000       0x18 ./Peripheral/src/ch32v00x_tim.o
 .text.TIM_InternalClockConfig
                0x0000000000000000       0x10 ./Peripheral/src/ch32v00x_tim.o
 .text.TIM_ITRxExternalClockConfig
                0x0000000000000000       0x18 ./Peripheral/src/ch32v00x_tim.o
 .text.TIM_TIxExternalClockConfig
                0x0000000000000000       0x48 ./Peripheral/src/ch32v00x_tim.o
 .text.TIM_ETRConfig
                0x0000000000000000       0x16 ./Peripheral/src/ch32v00x_tim.o
 .text.TIM_ETRClockMode1Config
                0x0000000000000000       0x2a ./Peripheral/src/ch32v00x_tim.o
 .text.TIM_ETRClockMode2Config
                0x0000000000000000       0x22 ./Peripheral/src/ch32v00x_tim.o
 .text.TIM_PrescalerConfig
                0x0000000000000000        0x6 ./Peripheral/src/ch32v00x_tim.o
 .text.TIM_CounterModeConfig
                0x0000000000000000       0x10 ./Peripheral/src/ch32v00x_tim.o
 .text.TIM_SelectInputTrigger
                0x0000000000000000       0x10 ./Peripheral/src/ch32v00x_tim.o
 .text.TIM_EncoderInterfaceConfig
                0x0000000000000000       0x3c ./Peripheral/src/ch32v00x_tim.o
 .text.TIM_ForcedOC1Config
                0x0000000000000000       0x10 ./Peripheral/src/ch32v00x_tim.o
 .text.TIM_ForcedOC2Config
                0x0000000000000000       0x14 ./Peripheral/src/ch32v00x_tim.o
 .text.TIM_ForcedOC3Config
                0x0000000000000000       0x10 ./Peripheral/src/ch32v00x_tim.o
 .text.TIM_ForcedOC4Config
                0x0000000000000000       0x14 ./Peripheral/src/ch32v00x_tim.o
 .text.TIM_ARRPreloadConfig
                0x0000000000000000       0x1a ./Peripheral/src/ch32v00x_tim.o
 .text.TIM_SelectCOM
                0x0000000000000000       0x18 ./Peripheral/src/ch32v00x_tim.o
 .text.TIM_SelectCCDMA
                0x0000000000000000       0x18 ./Peripheral/src/ch32v00x_tim.o
 .text.TIM_CCPreloadControl
                0x0000000000000000       0x18 ./Peripheral/src/ch32v00x_tim.o
 .text.TIM_OC1PreloadConfig
                0x0000000000000000        0xe ./Peripheral/src/ch32v00x_tim.o
 .text.TIM_OC2PreloadConfig
                0x0000000000000000       0x16 ./Peripheral/src/ch32v00x_tim.o
 .text.TIM_OC3PreloadConfig
                0x0000000000000000        0xe ./Peripheral/src/ch32v00x_tim.o
 .text.TIM_OC4PreloadConfig
                0x0000000000000000       0x16 ./Peripheral/src/ch32v00x_tim.o
 .text.TIM_OC1FastConfig
                0x0000000000000000        0xe ./Peripheral/src/ch32v00x_tim.o
 .text.TIM_OC2FastConfig
                0x0000000000000000       0x16 ./Peripheral/src/ch32v00x_tim.o
 .text.TIM_OC3FastConfig
                0x0000000000000000        0xe ./Peripheral/src/ch32v00x_tim.o
 .text.TIM_OC4FastConfig
                0x0000000000000000       0x16 ./Peripheral/src/ch32v00x_tim.o
 .text.TIM_ClearOC1Ref
                0x0000000000000000       0x10 ./Peripheral/src/ch32v00x_tim.o
 .text.TIM_ClearOC2Ref
                0x0000000000000000       0x12 ./Peripheral/src/ch32v00x_tim.o
 .text.TIM_ClearOC3Ref
                0x0000000000000000       0x10 ./Peripheral/src/ch32v00x_tim.o
 .text.TIM_ClearOC4Ref
                0x0000000000000000       0x12 ./Peripheral/src/ch32v00x_tim.o
 .text.TIM_OC1PolarityConfig
                0x0000000000000000        0xe ./Peripheral/src/ch32v00x_tim.o
 .text.TIM_OC1NPolarityConfig
                0x0000000000000000        0xe ./Peripheral/src/ch32v00x_tim.o
 .text.TIM_OC2PolarityConfig
                0x0000000000000000       0x16 ./Peripheral/src/ch32v00x_tim.o
 .text.TIM_OC2NPolarityConfig
                0x0000000000000000       0x16 ./Peripheral/src/ch32v00x_tim.o
 .text.TIM_OC3PolarityConfig
                0x0000000000000000       0x16 ./Peripheral/src/ch32v00x_tim.o
 .text.TIM_OC3NPolarityConfig
                0x0000000000000000       0x16 ./Peripheral/src/ch32v00x_tim.o
 .text.TIM_OC4PolarityConfig
                0x0000000000000000       0x14 ./Peripheral/src/ch32v00x_tim.o
 .text.TIM_CCxCmd
                0x0000000000000000       0x20 ./Peripheral/src/ch32v00x_tim.o
 .text.TIM_CCxNCmd
                0x0000000000000000       0x20 ./Peripheral/src/ch32v00x_tim.o
 .text.TIM_SelectOCxM
                0x0000000000000000       0x4c ./Peripheral/src/ch32v00x_tim.o
 .text.TIM_UpdateDisableConfig
                0x0000000000000000       0x18 ./Peripheral/src/ch32v00x_tim.o
 .text.TIM_UpdateRequestConfig
                0x0000000000000000       0x18 ./Peripheral/src/ch32v00x_tim.o
 .text.TIM_SelectHallSensor
                0x0000000000000000       0x1a ./Peripheral/src/ch32v00x_tim.o
 .text.TIM_SelectOnePulseMode
                0x0000000000000000       0x16 ./Peripheral/src/ch32v00x_tim.o
 .text.TIM_SelectOutputTrigger
                0x0000000000000000       0x18 ./Peripheral/src/ch32v00x_tim.o
 .text.TIM_SelectSlaveMode
                0x0000000000000000       0x16 ./Peripheral/src/ch32v00x_tim.o
 .text.TIM_SelectMasterSlaveMode
                0x0000000000000000       0x18 ./Peripheral/src/ch32v00x_tim.o
 .text.TIM_SetCounter
                0x0000000000000000        0x4 ./Peripheral/src/ch32v00x_tim.o
 .text.TIM_SetAutoreload
                0x0000000000000000        0x4 ./Peripheral/src/ch32v00x_tim.o
 .text.TIM_SetCompare1
                0x0000000000000000        0x4 ./Peripheral/src/ch32v00x_tim.o
 .text.TIM_SetCompare2
                0x0000000000000000        0x4 ./Peripheral/src/ch32v00x_tim.o
 .text.TIM_SetCompare3
                0x0000000000000000        0x4 ./Peripheral/src/ch32v00x_tim.o
 .text.TIM_SetCompare4
                0x0000000000000000        0x4 ./Peripheral/src/ch32v00x_tim.o
 .text.TIM_SetIC1Prescaler
                0x0000000000000000       0x16 ./Peripheral/src/ch32v00x_tim.o
 .text.TIM_SetIC2Prescaler
                0x0000000000000000       0x1a ./Peripheral/src/ch32v00x_tim.o
 .text.TIM_PWMIConfig
                0x0000000000000000       0xa4 ./Peripheral/src/ch32v00x_tim.o
 .text.TIM_SetIC3Prescaler
                0x0000000000000000       0x16 ./Peripheral/src/ch32v00x_tim.o
 .text.TIM_SetIC4Prescaler
                0x0000000000000000       0x1a ./Peripheral/src/ch32v00x_tim.o
 .text.TIM_ICInit
                0x0000000000000000      0x148 ./Peripheral/src/ch32v00x_tim.o
 .text.TIM_SetClockDivision
                0x0000000000000000       0x18 ./Peripheral/src/ch32v00x_tim.o
 .text.TIM_GetCapture1
                0x0000000000000000        0x8 ./Peripheral/src/ch32v00x_tim.o
 .text.TIM_GetCapture2
                0x0000000000000000        0x8 ./Peripheral/src/ch32v00x_tim.o
 .text.TIM_GetCapture3
                0x0000000000000000        0x8 ./Peripheral/src/ch32v00x_tim.o
 .text.TIM_GetCapture4
                0x0000000000000000        0x8 ./Peripheral/src/ch32v00x_tim.o
 .text.TIM_GetCounter
                0x0000000000000000        0x4 ./Peripheral/src/ch32v00x_tim.o
 .text.TIM_GetPrescaler
                0x0000000000000000        0x4 ./Peripheral/src/ch32v00x_tim.o
 .text.TIM_GetFlagStatus
                0x0000000000000000        0xa ./Peripheral/src/ch32v00x_tim.o
 .text.TIM_ClearFlag
                0x0000000000000000        0xc ./Peripheral/src/ch32v00x_tim.o
 .text.TIM_IndicateCaptureLevelCmd
                0x0000000000000000       0x12 ./Peripheral/src/ch32v00x_tim.o
 .text          0x0000000000000000        0x0 ./Peripheral/src/ch32v00x_usart.o
 .data          0x0000000000000000        0x0 ./Peripheral/src/ch32v00x_usart.o
 .bss           0x0000000000000000        0x0 ./Peripheral/src/ch32v00x_usart.o
 .text.USART_DeInit
                0x0000000000000000       0x36 ./Peripheral/src/ch32v00x_usart.o
 .text.USART_StructInit
                0x0000000000000000       0x18 ./Peripheral/src/ch32v00x_usart.o
 .text.USART_ClockInit
                0x0000000000000000       0x1e ./Peripheral/src/ch32v00x_usart.o
 .text.USART_ClockStructInit
                0x0000000000000000       0x12 ./Peripheral/src/ch32v00x_usart.o
 .text.USART_ITConfig
                0x0000000000000000       0x36 ./Peripheral/src/ch32v00x_usart.o
 .text.USART_DMACmd
                0x0000000000000000       0x12 ./Peripheral/src/ch32v00x_usart.o
 .text.USART_SetAddress
                0x0000000000000000       0x16 ./Peripheral/src/ch32v00x_usart.o
 .text.USART_WakeUpConfig
                0x0000000000000000       0x14 ./Peripheral/src/ch32v00x_usart.o
 .text.USART_ReceiverWakeUpCmd
                0x0000000000000000       0x18 ./Peripheral/src/ch32v00x_usart.o
 .text.USART_LINBreakDetectLengthConfig
                0x0000000000000000       0x18 ./Peripheral/src/ch32v00x_usart.o
 .text.USART_LINCmd
                0x0000000000000000       0x16 ./Peripheral/src/ch32v00x_usart.o
 .text.USART_ReceiveData
                0x0000000000000000        0x8 ./Peripheral/src/ch32v00x_usart.o
 .text.USART_SendBreak
                0x0000000000000000        0xa ./Peripheral/src/ch32v00x_usart.o
 .text.USART_SetGuardTime
                0x0000000000000000       0x12 ./Peripheral/src/ch32v00x_usart.o
 .text.USART_SetPrescaler
                0x0000000000000000       0x18 ./Peripheral/src/ch32v00x_usart.o
 .text.USART_SmartCardCmd
                0x0000000000000000       0x1a ./Peripheral/src/ch32v00x_usart.o
 .text.USART_SmartCardNACKCmd
                0x0000000000000000       0x18 ./Peripheral/src/ch32v00x_usart.o
 .text.USART_HalfDuplexCmd
                0x0000000000000000       0x18 ./Peripheral/src/ch32v00x_usart.o
 .text.USART_OverSampling8Cmd
                0x0000000000000000       0x12 ./Peripheral/src/ch32v00x_usart.o
 .text.USART_OneBitMethodCmd
                0x0000000000000000       0x1e ./Peripheral/src/ch32v00x_usart.o
 .text.USART_IrDAConfig
                0x0000000000000000       0x16 ./Peripheral/src/ch32v00x_usart.o
 .text.USART_IrDACmd
                0x0000000000000000       0x18 ./Peripheral/src/ch32v00x_usart.o
 .text.USART_ClearFlag
                0x0000000000000000        0xc ./Peripheral/src/ch32v00x_usart.o
 .text.USART_GetITStatus
                0x0000000000000000       0x3c ./Peripheral/src/ch32v00x_usart.o
 .text.USART_ClearITPendingBit
                0x0000000000000000       0x14 ./Peripheral/src/ch32v00x_usart.o
 .text          0x0000000000000000        0x0 ./Peripheral/src/ch32v00x_wwdg.o
 .data          0x0000000000000000        0x0 ./Peripheral/src/ch32v00x_wwdg.o
 .bss           0x0000000000000000        0x0 ./Peripheral/src/ch32v00x_wwdg.o
 .text.WWDG_DeInit
                0x0000000000000000       0x2e ./Peripheral/src/ch32v00x_wwdg.o
 .text.WWDG_SetPrescaler
                0x0000000000000000       0x14 ./Peripheral/src/ch32v00x_wwdg.o
 .text.WWDG_SetWindowValue
                0x0000000000000000       0x26 ./Peripheral/src/ch32v00x_wwdg.o
 .text.WWDG_EnableIT
                0x0000000000000000       0x12 ./Peripheral/src/ch32v00x_wwdg.o
 .text.WWDG_SetCounter
                0x0000000000000000        0xe ./Peripheral/src/ch32v00x_wwdg.o
 .text.WWDG_Enable
                0x0000000000000000        0xe ./Peripheral/src/ch32v00x_wwdg.o
 .text.WWDG_GetFlagStatus
                0x0000000000000000        0xa ./Peripheral/src/ch32v00x_wwdg.o
 .text.WWDG_ClearFlag
                0x0000000000000000        0xa ./Peripheral/src/ch32v00x_wwdg.o
 .debug_info    0x0000000000000000      0x279 ./Peripheral/src/ch32v00x_wwdg.o
 .debug_abbrev  0x0000000000000000      0x163 ./Peripheral/src/ch32v00x_wwdg.o
 .debug_loc     0x0000000000000000       0xae ./Peripheral/src/ch32v00x_wwdg.o
 .debug_aranges
                0x0000000000000000       0x58 ./Peripheral/src/ch32v00x_wwdg.o
 .debug_ranges  0x0000000000000000       0x48 ./Peripheral/src/ch32v00x_wwdg.o
 .debug_line    0x0000000000000000      0x48d ./Peripheral/src/ch32v00x_wwdg.o
 .debug_str     0x0000000000000000      0x2e4 ./Peripheral/src/ch32v00x_wwdg.o
 .comment       0x0000000000000000       0x34 ./Peripheral/src/ch32v00x_wwdg.o
 .debug_frame   0x0000000000000000       0xa4 ./Peripheral/src/ch32v00x_wwdg.o
 .text          0x0000000000000000        0x0 ./Debug/debug.o
 .data          0x0000000000000000        0x0 ./Debug/debug.o
 .bss           0x0000000000000000        0x0 ./Debug/debug.o
 .text.Delay_Us
                0x0000000000000000       0x4a ./Debug/debug.o
 .text.SDI_Printf_Enable
                0x0000000000000000       0x2a ./Debug/debug.o
 .text._sbrk    0x0000000000000000       0x2e ./Debug/debug.o
 .data.curbrk.4091
                0x0000000000000000        0x4 ./Debug/debug.o
 .text          0x0000000000000000        0x0 ./Core/core_riscv.o
 .data          0x0000000000000000        0x0 ./Core/core_riscv.o
 .bss           0x0000000000000000        0x0 ./Core/core_riscv.o
 .text.__get_MSTATUS
                0x0000000000000000        0x6 ./Core/core_riscv.o
 .text.__set_MSTATUS
                0x0000000000000000        0x6 ./Core/core_riscv.o
 .text.__get_MISA
                0x0000000000000000        0x6 ./Core/core_riscv.o
 .text.__set_MISA
                0x0000000000000000        0x6 ./Core/core_riscv.o
 .text.__get_MTVEC
                0x0000000000000000        0x6 ./Core/core_riscv.o
 .text.__set_MTVEC
                0x0000000000000000        0x6 ./Core/core_riscv.o
 .text.__get_MSCRATCH
                0x0000000000000000        0x6 ./Core/core_riscv.o
 .text.__set_MSCRATCH
                0x0000000000000000        0x6 ./Core/core_riscv.o
 .text.__get_MEPC
                0x0000000000000000        0x6 ./Core/core_riscv.o
 .text.__set_MEPC
                0x0000000000000000        0x6 ./Core/core_riscv.o
 .text.__get_MCAUSE
                0x0000000000000000        0x6 ./Core/core_riscv.o
 .text.__set_MCAUSE
                0x0000000000000000        0x6 ./Core/core_riscv.o
 .text.__get_MVENDORID
                0x0000000000000000        0x6 ./Core/core_riscv.o
 .text.__get_MARCHID
                0x0000000000000000        0x6 ./Core/core_riscv.o
 .text.__get_MIMPID
                0x0000000000000000        0x6 ./Core/core_riscv.o
 .text.__get_MHARTID
                0x0000000000000000        0x6 ./Core/core_riscv.o
 .text.__get_SP
                0x0000000000000000        0x4 ./Core/core_riscv.o
 .text          0x0000000000000000        0x0 ./main.o
 .data          0x0000000000000000        0x0 ./main.o
 .bss           0x0000000000000000        0x0 ./main.o
 .debug_line    0x0000000000000000        0x0 ./main.o
 .debug_str     0x0000000000000000      0x116 ./main.o
 .comment       0x0000000000000000       0x34 ./main.o
 .text          0x0000000000000000        0x0 ./nrf24_simple.o
 .data          0x0000000000000000        0x0 ./nrf24_simple.o
 .bss           0x0000000000000000        0x0 ./nrf24_simple.o
 .debug_line    0x0000000000000000        0x0 ./nrf24_simple.o
 .debug_str     0x0000000000000000      0x11e ./nrf24_simple.o
 .comment       0x0000000000000000       0x34 ./nrf24_simple.o
 .text          0x0000000000000000        0x0 c:/mounriver/mounriver_studio2/resources/app/resources/win32/components/wch/toolchain/risc-v embedded gcc/bin/../lib/gcc/riscv-none-embed/8.2.0/../../../../riscv-none-embed/lib/rv32ecxw/ilp32e\libprintf.a(wchprintf.o)
 .data          0x0000000000000000        0x0 c:/mounriver/mounriver_studio2/resources/app/resources/win32/components/wch/toolchain/risc-v embedded gcc/bin/../lib/gcc/riscv-none-embed/8.2.0/../../../../riscv-none-embed/lib/rv32ecxw/ilp32e\libprintf.a(wchprintf.o)
 .bss           0x0000000000000000        0x0 c:/mounriver/mounriver_studio2/resources/app/resources/win32/components/wch/toolchain/risc-v embedded gcc/bin/../lib/gcc/riscv-none-embed/8.2.0/../../../../riscv-none-embed/lib/rv32ecxw/ilp32e\libprintf.a(wchprintf.o)
 .text.sprintf  0x0000000000000000       0x2c c:/mounriver/mounriver_studio2/resources/app/resources/win32/components/wch/toolchain/risc-v embedded gcc/bin/../lib/gcc/riscv-none-embed/8.2.0/../../../../riscv-none-embed/lib/rv32ecxw/ilp32e\libprintf.a(wchprintf.o)
 .text.snprintf
                0x0000000000000000       0x2e c:/mounriver/mounriver_studio2/resources/app/resources/win32/components/wch/toolchain/risc-v embedded gcc/bin/../lib/gcc/riscv-none-embed/8.2.0/../../../../riscv-none-embed/lib/rv32ecxw/ilp32e\libprintf.a(wchprintf.o)
 .text.putchar  0x0000000000000000       0x1c c:/mounriver/mounriver_studio2/resources/app/resources/win32/components/wch/toolchain/risc-v embedded gcc/bin/../lib/gcc/riscv-none-embed/8.2.0/../../../../riscv-none-embed/lib/rv32ecxw/ilp32e\libprintf.a(wchprintf.o)
 .data          0x0000000000000000        0x0 c:/mounriver/mounriver_studio2/resources/app/resources/win32/components/wch/toolchain/risc-v embedded gcc/bin/../lib/gcc/riscv-none-embed/8.2.0/rv32ecxw/ilp32e\libgcc.a(save-restore.o)
 .bss           0x0000000000000000        0x0 c:/mounriver/mounriver_studio2/resources/app/resources/win32/components/wch/toolchain/risc-v embedded gcc/bin/../lib/gcc/riscv-none-embed/8.2.0/rv32ecxw/ilp32e\libgcc.a(save-restore.o)
 .eh_frame      0x0000000000000000       0x68 c:/mounriver/mounriver_studio2/resources/app/resources/win32/components/wch/toolchain/risc-v embedded gcc/bin/../lib/gcc/riscv-none-embed/8.2.0/rv32ecxw/ilp32e\libgcc.a(save-restore.o)
 .data          0x0000000000000000        0x0 c:/mounriver/mounriver_studio2/resources/app/resources/win32/components/wch/toolchain/risc-v embedded gcc/bin/../lib/gcc/riscv-none-embed/8.2.0/rv32ecxw/ilp32e\libgcc.a(muldi3.o)
 .bss           0x0000000000000000        0x0 c:/mounriver/mounriver_studio2/resources/app/resources/win32/components/wch/toolchain/risc-v embedded gcc/bin/../lib/gcc/riscv-none-embed/8.2.0/rv32ecxw/ilp32e\libgcc.a(muldi3.o)
 .data          0x0000000000000000        0x0 c:/mounriver/mounriver_studio2/resources/app/resources/win32/components/wch/toolchain/risc-v embedded gcc/bin/../lib/gcc/riscv-none-embed/8.2.0/rv32ecxw/ilp32e\libgcc.a(div.o)
 .bss           0x0000000000000000        0x0 c:/mounriver/mounriver_studio2/resources/app/resources/win32/components/wch/toolchain/risc-v embedded gcc/bin/../lib/gcc/riscv-none-embed/8.2.0/rv32ecxw/ilp32e\libgcc.a(div.o)
 .data          0x0000000000000000        0x0 c:/mounriver/mounriver_studio2/resources/app/resources/win32/components/wch/toolchain/risc-v embedded gcc/bin/../lib/gcc/riscv-none-embed/8.2.0/../../../../riscv-none-embed/lib/rv32ecxw/ilp32e\libg_nano.a(lib_a-memset.o)
 .bss           0x0000000000000000        0x0 c:/mounriver/mounriver_studio2/resources/app/resources/win32/components/wch/toolchain/risc-v embedded gcc/bin/../lib/gcc/riscv-none-embed/8.2.0/../../../../riscv-none-embed/lib/rv32ecxw/ilp32e\libg_nano.a(lib_a-memset.o)

Memory Configuration

Name             Origin             Length             Attributes
FLASH            0x0000000000000000 0x0000000000004000 xr
RAM              0x0000000020000000 0x0000000000000800 xrw
*default*        0x0000000000000000 0xffffffffffffffff

Linker script and memory map

LOAD ./User/main.o
LOAD ./User/nrf24_simple.o
LOAD ./User/system_ch32v00x.o
LOAD ./Startup/startup_ch32v00x.o
LOAD ./Peripheral/src/ch32v00x_adc.o
LOAD ./Peripheral/src/ch32v00x_dbgmcu.o
LOAD ./Peripheral/src/ch32v00x_dma.o
LOAD ./Peripheral/src/ch32v00x_exti.o
LOAD ./Peripheral/src/ch32v00x_flash.o
LOAD ./Peripheral/src/ch32v00x_gpio.o
LOAD ./Peripheral/src/ch32v00x_i2c.o
LOAD ./Peripheral/src/ch32v00x_iwdg.o
LOAD ./Peripheral/src/ch32v00x_misc.o
LOAD ./Peripheral/src/ch32v00x_opa.o
LOAD ./Peripheral/src/ch32v00x_pwr.o
LOAD ./Peripheral/src/ch32v00x_rcc.o
LOAD ./Peripheral/src/ch32v00x_spi.o
LOAD ./Peripheral/src/ch32v00x_tim.o
LOAD ./Peripheral/src/ch32v00x_usart.o
LOAD ./Peripheral/src/ch32v00x_wwdg.o
LOAD ./Debug/debug.o
LOAD ./Core/core_riscv.o
LOAD ./main.o
LOAD ./nrf24_simple.o
LOAD c:/mounriver/mounriver_studio2/resources/app/resources/win32/components/wch/toolchain/risc-v embedded gcc/bin/../lib/gcc/riscv-none-embed/8.2.0/../../../../riscv-none-embed/lib/rv32ecxw/ilp32e\libm.a
LOAD c:/mounriver/mounriver_studio2/resources/app/resources/win32/components/wch/toolchain/risc-v embedded gcc/bin/../lib/gcc/riscv-none-embed/8.2.0/../../../../riscv-none-embed/lib/rv32ecxw/ilp32e\libprintf.a
LOAD c:/mounriver/mounriver_studio2/resources/app/resources/win32/components/wch/toolchain/risc-v embedded gcc/bin/../lib/gcc/riscv-none-embed/8.2.0/rv32ecxw/ilp32e\libgcc.a
LOAD c:/mounriver/mounriver_studio2/resources/app/resources/win32/components/wch/toolchain/risc-v embedded gcc/bin/../lib/gcc/riscv-none-embed/8.2.0/../../../../riscv-none-embed/lib/rv32ecxw/ilp32e\libg_nano.a
LOAD c:/mounriver/mounriver_studio2/resources/app/resources/win32/components/wch/toolchain/risc-v embedded gcc/bin/../lib/gcc/riscv-none-embed/8.2.0/../../../../riscv-none-embed/lib/rv32ecxw/ilp32e\libc_nano.a
LOAD c:/mounriver/mounriver_studio2/resources/app/resources/win32/components/wch/toolchain/risc-v embedded gcc/bin/../lib/gcc/riscv-none-embed/8.2.0/rv32ecxw/ilp32e\libgcc.a
START GROUP
LOAD c:/mounriver/mounriver_studio2/resources/app/resources/win32/components/wch/toolchain/risc-v embedded gcc/bin/../lib/gcc/riscv-none-embed/8.2.0/rv32ecxw/ilp32e\libgcc.a
LOAD c:/mounriver/mounriver_studio2/resources/app/resources/win32/components/wch/toolchain/risc-v embedded gcc/bin/../lib/gcc/riscv-none-embed/8.2.0/../../../../riscv-none-embed/lib/rv32ecxw/ilp32e\libc_nano.a
LOAD c:/mounriver/mounriver_studio2/resources/app/resources/win32/components/wch/toolchain/risc-v embedded gcc/bin/../lib/gcc/riscv-none-embed/8.2.0/../../../../riscv-none-embed/lib/rv32ecxw/ilp32e\libnosys.a
END GROUP
START GROUP
LOAD c:/mounriver/mounriver_studio2/resources/app/resources/win32/components/wch/toolchain/risc-v embedded gcc/bin/../lib/gcc/riscv-none-embed/8.2.0/rv32ecxw/ilp32e\libgcc.a
LOAD c:/mounriver/mounriver_studio2/resources/app/resources/win32/components/wch/toolchain/risc-v embedded gcc/bin/../lib/gcc/riscv-none-embed/8.2.0/../../../../riscv-none-embed/lib/rv32ecxw/ilp32e\libc_nano.a
LOAD c:/mounriver/mounriver_studio2/resources/app/resources/win32/components/wch/toolchain/risc-v embedded gcc/bin/../lib/gcc/riscv-none-embed/8.2.0/../../../../riscv-none-embed/lib/rv32ecxw/ilp32e\libnosys.a
END GROUP
                0x0000000000000100                __stack_size = 0x100
                [!provide]                        PROVIDE (_stack_size = __stack_size)

.init           0x0000000000000000       0xa0
                0x0000000000000000                _sinit = .
                0x0000000000000000                . = ALIGN (0x4)
 *(SORT_NONE(.init))
 .init          0x0000000000000000       0x9e ./Startup/startup_ch32v00x.o
                0x0000000000000000                _start
                0x00000000000000a0                . = ALIGN (0x4)
 *fill*         0x000000000000009e        0x2 
                0x00000000000000a0                _einit = .

.highcodelalign
                0x00000000000000a0        0x0
                0x00000000000000a0                . = ALIGN (0x4)
                0x00000000000000a0                PROVIDE (_highcode_lma = .)

.highcode       0x0000000020000000        0xc load address 0x00000000000000a0
                0x0000000020000000                . = ALIGN (0x4)
                0x0000000020000000                PROVIDE (_highcode_vma_start = .)
 *(.highcode)
 .highcode      0x0000000020000000        0xa ./Core/core_riscv.o
                0x0000000020000000                WFE
 *(.highcode.*)
                0x000000002000000c                . = ALIGN (0x4)
 *fill*         0x000000002000000a        0x2 
                0x000000002000000c                PROVIDE (_highcode_vma_end = .)

.text           0x00000000000000ac     0x2c38
                0x00000000000000ac                . = ALIGN (0x4)
 *(.text)
 .text          0x00000000000000ac       0x14 c:/mounriver/mounriver_studio2/resources/app/resources/win32/components/wch/toolchain/risc-v embedded gcc/bin/../lib/gcc/riscv-none-embed/8.2.0/rv32ecxw/ilp32e\libgcc.a(save-restore.o)
                0x00000000000000ac                __riscv_save_1
                0x00000000000000ac                __riscv_save_2
                0x00000000000000ac                __riscv_save_0
                0x00000000000000b6                __riscv_restore_0
                0x00000000000000b6                __riscv_restore_1
                0x00000000000000b6                __riscv_restore_2
 .text          0x00000000000000c0       0x16 c:/mounriver/mounriver_studio2/resources/app/resources/win32/components/wch/toolchain/risc-v embedded gcc/bin/../lib/gcc/riscv-none-embed/8.2.0/rv32ecxw/ilp32e\libgcc.a(muldi3.o)
                0x00000000000000c0                __mulsi3
 *fill*         0x00000000000000d6        0x2 
 .text          0x00000000000000d8       0x7e c:/mounriver/mounriver_studio2/resources/app/resources/win32/components/wch/toolchain/risc-v embedded gcc/bin/../lib/gcc/riscv-none-embed/8.2.0/rv32ecxw/ilp32e\libgcc.a(div.o)
                0x00000000000000d8                __divsi3
                0x00000000000000e0                __udivsi3
                0x000000000000010c                __umodsi3
                0x0000000000000130                __modsi3
 .text          0x0000000000000156       0xa8 c:/mounriver/mounriver_studio2/resources/app/resources/win32/components/wch/toolchain/risc-v embedded gcc/bin/../lib/gcc/riscv-none-embed/8.2.0/../../../../riscv-none-embed/lib/rv32ecxw/ilp32e\libg_nano.a(lib_a-memset.o)
                0x0000000000000156                memset
 *(.text.*)
 .text.pwr_sleep_init
                0x00000000000001fe       0x4e ./User/main.o
                0x00000000000001fe                pwr_sleep_init
 .text.AWU_IRQHandler
                0x000000000000024c        0x4 ./User/main.o
                0x000000000000024c                AWU_IRQHandler
 .text.exti_init
                0x0000000000000250       0x7a ./User/main.o
                0x0000000000000250                exti_init
 .text.EXTI7_0_IRQHandler
                0x00000000000002ca        0xc ./User/main.o
                0x00000000000002ca                EXTI7_0_IRQHandler
 .text.flash_read_settings
                0x00000000000002d6       0x24 ./User/main.o
                0x00000000000002d6                flash_read_settings
 .text.flash_save_settings
                0x00000000000002fa       0x38 ./User/main.o
                0x00000000000002fa                flash_save_settings
 .text.TIM2_IRQHandler
                0x0000000000000332       0x28 ./User/main.o
                0x0000000000000332                TIM2_IRQHandler
 .text.timer_init
                0x000000000000035a       0x6e ./User/main.o
                0x000000000000035a                timer_init
 .text.gpio_init
                0x00000000000003c8       0x6e ./User/main.o
                0x00000000000003c8                gpio_init
 .text.read_internal_probes
                0x0000000000000436       0x8a ./User/main.o
                0x0000000000000436                read_internal_probes
 .text.read_tank_level
                0x00000000000004c0       0x88 ./User/main.o
                0x00000000000004c0                read_tank_level
 .text.adc_init
                0x0000000000000548       0xa0 ./User/main.o
                0x0000000000000548                adc_init
 .text.enter_deep_sleep
                0x00000000000005e8      0x158 ./User/main.o
                0x00000000000005e8                enter_deep_sleep
 .text.get_adc_val
                0x0000000000000740       0x6a ./User/main.o
                0x0000000000000740                get_adc_val
 .text.read_battery_level
                0x00000000000007aa       0x9e ./User/main.o
                0x00000000000007aa                read_battery_level
 .text.generate_new_tank_id
                0x0000000000000848       0x24 ./User/main.o
                0x0000000000000848                generate_new_tank_id
 .text.calculate_checksum
                0x000000000000086c       0x44 ./User/main.o
                0x000000000000086c                calculate_checksum
 .text.run_pairing
                0x00000000000008b0      0x3ae ./User/main.o
                0x00000000000008b0                run_pairing
 .text.startup.main
                0x0000000000000c5e      0x5e0 ./User/main.o
                0x0000000000000c5e                main
 .text.spi_xfer
                0x000000000000123e       0x38 ./User/nrf24_simple.o
 .text.nrf_write_reg
                0x0000000000001276       0x2a ./User/nrf24_simple.o
 .text.nrf_write_buf
                0x00000000000012a0       0x40 ./User/nrf24_simple.o
 .text.nrf_read_reg
                0x00000000000012e0       0x2c ./User/nrf24_simple.o
                0x00000000000012e0                nrf_read_reg
 .text.nrf24_init
                0x000000000000130c      0x17a ./User/nrf24_simple.o
                0x000000000000130c                nrf24_init
 .text.nrf24_set_tx_addr
                0x0000000000001486       0x2c ./User/nrf24_simple.o
                0x0000000000001486                nrf24_set_tx_addr
 .text.nrf24_power_up_tx
                0x00000000000014b2       0x2e ./User/nrf24_simple.o
                0x00000000000014b2                nrf24_power_up_tx
 .text.nrf24_power_up_rx
                0x00000000000014e0       0x9c ./User/nrf24_simple.o
                0x00000000000014e0                nrf24_power_up_rx
 .text.nrf24_send
                0x000000000000157c       0xa6 ./User/nrf24_simple.o
                0x000000000000157c                nrf24_send
 .text.nrf24_available
                0x0000000000001622       0x28 ./User/nrf24_simple.o
                0x0000000000001622                nrf24_available
 .text.nrf24_read
                0x000000000000164a       0x90 ./User/nrf24_simple.o
                0x000000000000164a                nrf24_read
 .text.nrf24_flush_rx
                0x00000000000016da       0x4e ./User/nrf24_simple.o
                0x00000000000016da                nrf24_flush_rx
 .text.nrf24_power_down
                0x0000000000001728       0x28 ./User/nrf24_simple.o
                0x0000000000001728                nrf24_power_down
 .text.nrf24_get_status
                0x0000000000001750        0xe ./User/nrf24_simple.o
                0x0000000000001750                nrf24_get_status
 .text.SystemInit
                0x000000000000175e       0x42 ./User/system_ch32v00x.o
                0x000000000000175e                SystemInit
 .text.SystemCoreClockUpdate
                0x00000000000017a0       0x3c ./User/system_ch32v00x.o
                0x00000000000017a0                SystemCoreClockUpdate
 .text.vector_handler
                0x00000000000017dc        0x2 ./Startup/startup_ch32v00x.o
                0x00000000000017dc                TIM1_CC_IRQHandler
                0x00000000000017dc                HardFault_Handler
                0x00000000000017dc                SysTick_Handler
                0x00000000000017dc                PVD_IRQHandler
                0x00000000000017dc                NMI_Handler
                0x00000000000017dc                SPI1_IRQHandler
                0x00000000000017dc                DMA1_Channel4_IRQHandler
                0x00000000000017dc                ADC1_IRQHandler
                0x00000000000017dc                DMA1_Channel7_IRQHandler
                0x00000000000017dc                I2C1_EV_IRQHandler
                0x00000000000017dc                DMA1_Channel6_IRQHandler
                0x00000000000017dc                RCC_IRQHandler
                0x00000000000017dc                TIM1_TRG_COM_IRQHandler
                0x00000000000017dc                DMA1_Channel1_IRQHandler
                0x00000000000017dc                DMA1_Channel5_IRQHandler
                0x00000000000017dc                DMA1_Channel3_IRQHandler
                0x00000000000017dc                TIM1_UP_IRQHandler
                0x00000000000017dc                WWDG_IRQHandler
                0x00000000000017dc                SW_Handler
                0x00000000000017dc                TIM1_BRK_IRQHandler
                0x00000000000017dc                DMA1_Channel2_IRQHandler
                0x00000000000017dc                FLASH_IRQHandler
                0x00000000000017dc                USART1_IRQHandler
                0x00000000000017dc                I2C1_ER_IRQHandler
 .text.handle_reset
                0x00000000000017de       0xb0 ./Startup/startup_ch32v00x.o
                0x00000000000017de                handle_reset
 .text.ADC_DeInit
                0x000000000000188e       0x26 ./Peripheral/src/ch32v00x_adc.o
                0x000000000000188e                ADC_DeInit
 .text.ADC_Init
                0x00000000000018b4       0x4e ./Peripheral/src/ch32v00x_adc.o
                0x00000000000018b4                ADC_Init
 .text.ADC_Cmd  0x0000000000001902       0x10 ./Peripheral/src/ch32v00x_adc.o
                0x0000000000001902                ADC_Cmd
 .text.ADC_ResetCalibration
                0x0000000000001912        0xa ./Peripheral/src/ch32v00x_adc.o
                0x0000000000001912                ADC_ResetCalibration
 .text.ADC_GetResetCalibrationStatus
                0x000000000000191c        0x8 ./Peripheral/src/ch32v00x_adc.o
                0x000000000000191c                ADC_GetResetCalibrationStatus
 .text.ADC_StartCalibration
                0x0000000000001924        0xa ./Peripheral/src/ch32v00x_adc.o
                0x0000000000001924                ADC_StartCalibration
 .text.ADC_GetCalibrationStatus
                0x000000000000192e        0x8 ./Peripheral/src/ch32v00x_adc.o
                0x000000000000192e                ADC_GetCalibrationStatus
 .text.ADC_SoftwareStartConvCmd
                0x0000000000001936       0x18 ./Peripheral/src/ch32v00x_adc.o
                0x0000000000001936                ADC_SoftwareStartConvCmd
 .text.ADC_RegularChannelConfig
                0x000000000000194e       0xba ./Peripheral/src/ch32v00x_adc.o
                0x000000000000194e                ADC_RegularChannelConfig
 .text.ADC_GetConversionValue
                0x0000000000001a08        0x8 ./Peripheral/src/ch32v00x_adc.o
                0x0000000000001a08                ADC_GetConversionValue
 .text.ADC_GetFlagStatus
                0x0000000000001a10        0xa ./Peripheral/src/ch32v00x_adc.o
                0x0000000000001a10                ADC_GetFlagStatus
 .text.EXTI_Init
                0x0000000000001a1a       0x6a ./Peripheral/src/ch32v00x_exti.o
                0x0000000000001a1a                EXTI_Init
 .text.EXTI_ClearITPendingBit
                0x0000000000001a84        0xa ./Peripheral/src/ch32v00x_exti.o
                0x0000000000001a84                EXTI_ClearITPendingBit
 .text.FLASH_Unlock
                0x0000000000001a8e       0x1a ./Peripheral/src/ch32v00x_flash.o
                0x0000000000001a8e                FLASH_Unlock
 .text.FLASH_Lock
                0x0000000000001aa8        0xe ./Peripheral/src/ch32v00x_flash.o
                0x0000000000001aa8                FLASH_Lock
 .text.FLASH_GetBank1Status
                0x0000000000001ab6       0x18 ./Peripheral/src/ch32v00x_flash.o
                0x0000000000001ab6                FLASH_GetBank1Status
 .text.FLASH_WaitForLastOperation
                0x0000000000001ace       0x20 ./Peripheral/src/ch32v00x_flash.o
                0x0000000000001ace                FLASH_WaitForLastOperation
 .text.FLASH_ErasePage
                0x0000000000001aee       0x38 ./Peripheral/src/ch32v00x_flash.o
                0x0000000000001aee                FLASH_ErasePage
 .text.FLASH_ProgramWord
                0x0000000000001b26       0x54 ./Peripheral/src/ch32v00x_flash.o
                0x0000000000001b26                FLASH_ProgramWord
 .text.GPIO_Init
                0x0000000000001b7a       0x7c ./Peripheral/src/ch32v00x_gpio.o
                0x0000000000001b7a                GPIO_Init
 .text.GPIO_ReadInputDataBit
                0x0000000000001bf6        0xa ./Peripheral/src/ch32v00x_gpio.o
                0x0000000000001bf6                GPIO_ReadInputDataBit
 .text.GPIO_SetBits
                0x0000000000001c00        0x4 ./Peripheral/src/ch32v00x_gpio.o
                0x0000000000001c00                GPIO_SetBits
 .text.GPIO_ResetBits
                0x0000000000001c04        0x4 ./Peripheral/src/ch32v00x_gpio.o
                0x0000000000001c04                GPIO_ResetBits
 .text.GPIO_EXTILineConfig
                0x0000000000001c08       0x22 ./Peripheral/src/ch32v00x_gpio.o
                0x0000000000001c08                GPIO_EXTILineConfig
 .text.NVIC_Init
                0x0000000000001c2a       0x62 ./Peripheral/src/ch32v00x_misc.o
                0x0000000000001c2a                NVIC_Init
 .text.PWR_AutoWakeUpCmd
                0x0000000000001c8c       0x14 ./Peripheral/src/ch32v00x_pwr.o
                0x0000000000001c8c                PWR_AutoWakeUpCmd
 .text.PWR_AWU_SetPrescaler
                0x0000000000001ca0        0xe ./Peripheral/src/ch32v00x_pwr.o
                0x0000000000001ca0                PWR_AWU_SetPrescaler
 .text.PWR_AWU_SetWindowValue
                0x0000000000001cae       0x1e ./Peripheral/src/ch32v00x_pwr.o
                0x0000000000001cae                PWR_AWU_SetWindowValue
 .text.RCC_ADCCLKConfig
                0x0000000000001ccc       0x14 ./Peripheral/src/ch32v00x_rcc.o
                0x0000000000001ccc                RCC_ADCCLKConfig
 .text.RCC_LSICmd
                0x0000000000001ce0       0x14 ./Peripheral/src/ch32v00x_rcc.o
                0x0000000000001ce0                RCC_LSICmd
 .text.RCC_GetClocksFreq
                0x0000000000001cf4       0xa2 ./Peripheral/src/ch32v00x_rcc.o
                0x0000000000001cf4                RCC_GetClocksFreq
 .text.RCC_APB2PeriphClockCmd
                0x0000000000001d96       0x1e ./Peripheral/src/ch32v00x_rcc.o
                0x0000000000001d96                RCC_APB2PeriphClockCmd
 .text.RCC_APB1PeriphClockCmd
                0x0000000000001db4       0x1e ./Peripheral/src/ch32v00x_rcc.o
                0x0000000000001db4                RCC_APB1PeriphClockCmd
 .text.RCC_APB2PeriphResetCmd
                0x0000000000001dd2       0x1e ./Peripheral/src/ch32v00x_rcc.o
                0x0000000000001dd2                RCC_APB2PeriphResetCmd
 .text.RCC_GetFlagStatus
                0x0000000000001df0       0x20 ./Peripheral/src/ch32v00x_rcc.o
                0x0000000000001df0                RCC_GetFlagStatus
 .text.SPI_Init
                0x0000000000001e10       0x32 ./Peripheral/src/ch32v00x_spi.o
                0x0000000000001e10                SPI_Init
 .text.SPI_Cmd  0x0000000000001e42       0x1a ./Peripheral/src/ch32v00x_spi.o
                0x0000000000001e42                SPI_Cmd
 .text.SPI_I2S_SendData
                0x0000000000001e5c        0x4 ./Peripheral/src/ch32v00x_spi.o
                0x0000000000001e5c                SPI_I2S_SendData
 .text.SPI_I2S_ReceiveData
                0x0000000000001e60        0x4 ./Peripheral/src/ch32v00x_spi.o
                0x0000000000001e60                SPI_I2S_ReceiveData
 .text.SPI_I2S_GetFlagStatus
                0x0000000000001e64        0xa ./Peripheral/src/ch32v00x_spi.o
                0x0000000000001e64                SPI_I2S_GetFlagStatus
 .text.TIM_TimeBaseInit
                0x0000000000001e6e       0x4e ./Peripheral/src/ch32v00x_tim.o
                0x0000000000001e6e                TIM_TimeBaseInit
 .text.TIM_Cmd  0x0000000000001ebc       0x18 ./Peripheral/src/ch32v00x_tim.o
                0x0000000000001ebc                TIM_Cmd
 .text.TIM_ITConfig
                0x0000000000001ed4       0x12 ./Peripheral/src/ch32v00x_tim.o
                0x0000000000001ed4                TIM_ITConfig
 .text.TIM_GetITStatus
                0x0000000000001ee6       0x18 ./Peripheral/src/ch32v00x_tim.o
                0x0000000000001ee6                TIM_GetITStatus
 .text.TIM_ClearITPendingBit
                0x0000000000001efe        0xc ./Peripheral/src/ch32v00x_tim.o
                0x0000000000001efe                TIM_ClearITPendingBit
 .text.USART_Init
                0x0000000000001f0a       0xce ./Peripheral/src/ch32v00x_usart.o
                0x0000000000001f0a                USART_Init
 .text.USART_Cmd
                0x0000000000001fd8       0x16 ./Peripheral/src/ch32v00x_usart.o
                0x0000000000001fd8                USART_Cmd
 .text.USART_SendData
                0x0000000000001fee        0x8 ./Peripheral/src/ch32v00x_usart.o
                0x0000000000001fee                USART_SendData
 .text.USART_GetFlagStatus
                0x0000000000001ff6        0xa ./Peripheral/src/ch32v00x_usart.o
                0x0000000000001ff6                USART_GetFlagStatus
 .text.Delay_Init
                0x0000000000002000       0x34 ./Debug/debug.o
                0x0000000000002000                Delay_Init
 .text.Delay_Ms
                0x0000000000002034       0x3a ./Debug/debug.o
                0x0000000000002034                Delay_Ms
 .text.USART_Printf_Init
                0x000000000000206e       0x5c ./Debug/debug.o
                0x000000000000206e                USART_Printf_Init
 .text._write   0x00000000000020ca       0x50 ./Debug/debug.o
                0x00000000000020ca                _write
 .text.printchar
                0x000000000000211a       0x48 c:/mounriver/mounriver_studio2/resources/app/resources/win32/components/wch/toolchain/risc-v embedded gcc/bin/../lib/gcc/riscv-none-embed/8.2.0/../../../../riscv-none-embed/lib/rv32ecxw/ilp32e\libprintf.a(wchprintf.o)
                0x000000000000211a                printchar
 .text.prints   0x0000000000002162       0xee c:/mounriver/mounriver_studio2/resources/app/resources/win32/components/wch/toolchain/risc-v embedded gcc/bin/../lib/gcc/riscv-none-embed/8.2.0/../../../../riscv-none-embed/lib/rv32ecxw/ilp32e\libprintf.a(wchprintf.o)
                0x0000000000002162                prints
 .text.printInt
                0x0000000000002250      0x11a c:/mounriver/mounriver_studio2/resources/app/resources/win32/components/wch/toolchain/risc-v embedded gcc/bin/../lib/gcc/riscv-none-embed/8.2.0/../../../../riscv-none-embed/lib/rv32ecxw/ilp32e\libprintf.a(wchprintf.o)
                0x0000000000002250                printInt
 .text.printLongLongInt
                0x000000000000236a        0x4 c:/mounriver/mounriver_studio2/resources/app/resources/win32/components/wch/toolchain/risc-v embedded gcc/bin/../lib/gcc/riscv-none-embed/8.2.0/../../../../riscv-none-embed/lib/rv32ecxw/ilp32e\libprintf.a(wchprintf.o)
                0x000000000000236a                printLongLongInt
 .text.printDouble
                0x000000000000236e        0x4 c:/mounriver/mounriver_studio2/resources/app/resources/win32/components/wch/toolchain/risc-v embedded gcc/bin/../lib/gcc/riscv-none-embed/8.2.0/../../../../riscv-none-embed/lib/rv32ecxw/ilp32e\libprintf.a(wchprintf.o)
                0x000000000000236e                printDouble
 .text.print    0x0000000000002372      0x360 c:/mounriver/mounriver_studio2/resources/app/resources/win32/components/wch/toolchain/risc-v embedded gcc/bin/../lib/gcc/riscv-none-embed/8.2.0/../../../../riscv-none-embed/lib/rv32ecxw/ilp32e\libprintf.a(wchprintf.o)
                0x0000000000002372                print
 .text.printf   0x00000000000026d2       0x24 c:/mounriver/mounriver_studio2/resources/app/resources/win32/components/wch/toolchain/risc-v embedded gcc/bin/../lib/gcc/riscv-none-embed/8.2.0/../../../../riscv-none-embed/lib/rv32ecxw/ilp32e\libprintf.a(wchprintf.o)
                0x00000000000026d2                printf
 .text.puts     0x00000000000026f6       0x4a c:/mounriver/mounriver_studio2/resources/app/resources/win32/components/wch/toolchain/risc-v embedded gcc/bin/../lib/gcc/riscv-none-embed/8.2.0/../../../../riscv-none-embed/lib/rv32ecxw/ilp32e\libprintf.a(wchprintf.o)
                0x00000000000026f6                puts
 *(.rodata)
 *(.rodata*)
 *fill*         0x0000000000002740        0x0 
 .rodata.PAIRING_ADDR
                0x0000000000002740        0x3 ./User/main.o
                0x0000000000002740                PAIRING_ADDR
 *fill*         0x0000000000002743        0x1 
 .rodata.enter_deep_sleep.str1.4
                0x0000000000002744       0x1c ./User/main.o
 .rodata.flash_save_settings.str1.4
                0x0000000000002760       0x1c ./User/main.o
 .rodata.get_adc_val.str1.4
                0x000000000000277c       0x16 ./User/main.o
 *fill*         0x0000000000002792        0x2 
 .rodata.main.str1.4
                0x0000000000002794      0x264 ./User/main.o
 .rodata.read_battery_level.str1.4
                0x00000000000029f8        0xe ./User/main.o
 *fill*         0x0000000000002a06        0x2 
 .rodata.read_tank_level.str1.4
                0x0000000000002a08       0x2a ./User/main.o
 *fill*         0x0000000000002a32        0x2 
 .rodata.run_pairing.str1.4
                0x0000000000002a34      0x1fd ./User/main.o
 *fill*         0x0000000000002c31        0x3 
 .rodata.nrf24_available.str1.4
                0x0000000000002c34       0x18 ./User/nrf24_simple.o
 .rodata.nrf24_init.str1.4
                0x0000000000002c4c       0x51 ./User/nrf24_simple.o
 *fill*         0x0000000000002c9d        0x3 
 .rodata.nrf24_power_down.str1.4
                0x0000000000002ca0        0xd ./User/nrf24_simple.o
 *fill*         0x0000000000002cad        0x3 
 .rodata.nrf24_read.str1.4
                0x0000000000002cb0        0xb ./User/nrf24_simple.o
                                         0x16 (size before relaxing)
 *fill*         0x0000000000002cbb        0x1 
 .rodata.nrf24_set_tx_addr.str1.4
                0x0000000000002cbc       0x1d ./User/nrf24_simple.o
 *fill*         0x0000000000002cd9        0x3 
 .rodata.print.str1.4
                0x0000000000002cdc        0x8 c:/mounriver/mounriver_studio2/resources/app/resources/win32/components/wch/toolchain/risc-v embedded gcc/bin/../lib/gcc/riscv-none-embed/8.2.0/../../../../riscv-none-embed/lib/rv32ecxw/ilp32e\libprintf.a(wchprintf.o)
                                          0x7 (size before relaxing)
 *(.gnu.linkonce.t.*)
                0x0000000000002ce4                . = ALIGN (0x4)

.rela.dyn       0x0000000000002ce4        0x0
 .rela.text.flash_save_settings
                0x0000000000002ce4        0x0 ./User/main.o
 .rela.text.read_tank_level
                0x0000000000002ce4        0x0 ./User/main.o
 .rela.text.get_adc_val
                0x0000000000002ce4        0x0 ./User/main.o
 .rela.text.read_battery_level
                0x0000000000002ce4        0x0 ./User/main.o
 .rela.text.run_pairing
                0x0000000000002ce4        0x0 ./User/main.o
 .rela.text.startup.main
                0x0000000000002ce4        0x0 ./User/main.o
 .rela.text.nrf24_init
                0x0000000000002ce4        0x0 ./User/main.o
 .rela.text.nrf24_set_tx_addr
                0x0000000000002ce4        0x0 ./User/main.o
 .rela.text.nrf24_available
                0x0000000000002ce4        0x0 ./User/main.o
 .rela.text.nrf24_read
                0x0000000000002ce4        0x0 ./User/main.o
 .rela.init     0x0000000000002ce4        0x0 ./User/main.o
 .rela.text.handle_reset
                0x0000000000002ce4        0x0 ./User/main.o
 .rela.text.prints
                0x0000000000002ce4        0x0 ./User/main.o
 .rela.text.printInt
                0x0000000000002ce4        0x0 ./User/main.o
 .rela.text.print
                0x0000000000002ce4        0x0 ./User/main.o
 .rela.text.printf
                0x0000000000002ce4        0x0 ./User/main.o

.fini           0x0000000000002ce4        0x0
 *(SORT_NONE(.fini))
                0x0000000000002ce4                . = ALIGN (0x4)
                [!provide]                        PROVIDE (_etext = .)
                [!provide]                        PROVIDE (_eitcm = .)

.preinit_array  0x0000000000002ce4        0x0
                [!provide]                        PROVIDE (__preinit_array_start = .)
 *(.preinit_array)
                [!provide]                        PROVIDE (__preinit_array_end = .)

.init_array     0x0000000000002ce4        0x0
                [!provide]                        PROVIDE (__init_array_start = .)
 *(SORT_BY_INIT_PRIORITY(.init_array.*) SORT_BY_INIT_PRIORITY(.ctors.*))
 *(.init_array EXCLUDE_FILE(*crtend?.o *crtend.o *crtbegin?.o *crtbegin.o) .ctors)
                [!provide]                        PROVIDE (__init_array_end = .)

.fini_array     0x0000000000002ce4        0x0
                [!provide]                        PROVIDE (__fini_array_start = .)
 *(SORT_BY_INIT_PRIORITY(.fini_array.*) SORT_BY_INIT_PRIORITY(.dtors.*))
 *(.fini_array EXCLUDE_FILE(*crtend?.o *crtend.o *crtbegin?.o *crtbegin.o) .dtors)
                [!provide]                        PROVIDE (__fini_array_end = .)

.ctors
 *crtbegin.o(.ctors)
 *crtbegin?.o(.ctors)
 *(EXCLUDE_FILE(*crtend?.o *crtend.o) .ctors)
 *(SORT_BY_NAME(.ctors.*))
 *(.ctors)

.dtors
 *crtbegin.o(.dtors)
 *crtbegin?.o(.dtors)
 *(EXCLUDE_FILE(*crtend?.o *crtend.o) .dtors)
 *(SORT_BY_NAME(.dtors.*))
 *(.dtors)

.dalign         0x000000002000000c        0x0 load address 0x0000000000002ce4
                0x000000002000000c                . = ALIGN (0x4)
                0x000000002000000c                PROVIDE (_data_vma = .)

.dlalign        0x0000000000002ce4        0x0
                0x0000000000002ce4                . = ALIGN (0x4)
                0x0000000000002ce4                PROVIDE (_data_lma = .)

.data           0x000000002000000c       0x2c load address 0x0000000000002ce4
                0x000000002000000c                . = ALIGN (0x4)
 *(.gnu.linkonce.r.*)
 *(.data .data.*)
 .data.SystemCoreClock
                0x000000002000000c        0x4 ./User/system_ch32v00x.o
                0x000000002000000c                SystemCoreClock
 .data.ADCPrescTable
                0x0000000020000010       0x14 ./Peripheral/src/ch32v00x_rcc.o
 .data.APBAHBPrescTable
                0x0000000020000024       0x10 ./Peripheral/src/ch32v00x_rcc.o
 *(.gnu.linkonce.d.*)
                0x0000000020000038                . = ALIGN (0x8)
 *fill*         0x0000000020000034        0x4 
                0x0000000020000838                PROVIDE (__global_pointer$ = (. + 0x800))
 *(.sdata .sdata.*)
 *(.sdata2*)
 *(.gnu.linkonce.s.*)
                0x0000000020000038                . = ALIGN (0x8)
 *(.srodata.cst16)
 *(.srodata.cst8)
 *(.srodata.cst4)
 *(.srodata.cst2)
 *(.srodata .srodata.*)
                0x0000000020000038                . = ALIGN (0x4)
                0x0000000020000038                PROVIDE (_edata = .)

.bss            0x0000000020000038       0x14 load address 0x0000000000002d10
                0x0000000020000038                . = ALIGN (0x4)
                0x0000000020000038                PROVIDE (_sbss = .)
 *(.sbss*)
 *(.gnu.linkonce.sb.*)
 *(.bss*)
 .bss.g_millis  0x0000000020000038        0x4 ./User/main.o
                0x0000000020000038                g_millis
 .bss.g_probe_fault
                0x000000002000003c        0x1 ./User/main.o
                0x000000002000003c                g_probe_fault
 *fill*         0x000000002000003d        0x3 
 .bss.g_settings
                0x0000000020000040        0x4 ./User/main.o
                0x0000000020000040                g_settings
 .bss.NVIC_Priority_Group
                0x0000000020000044        0x4 ./Peripheral/src/ch32v00x_misc.o
                0x0000000020000044                NVIC_Priority_Group
 .bss.p_ms      0x0000000020000048        0x2 ./Debug/debug.o
 .bss.p_us      0x000000002000004a        0x1 ./Debug/debug.o
 *(.gnu.linkonce.b.*)
 *(COMMON*)
                0x000000002000004c                . = ALIGN (0x4)
 *fill*         0x000000002000004b        0x1 
                0x000000002000004c                PROVIDE (_ebss = .)
                0x000000002000004c                PROVIDE (_end = _ebss)
                [!provide]                        PROVIDE (end = .)

.stack          0x0000000020000700      0x100
                0x0000000020000700                PROVIDE (_heap_end = .)
                0x0000000020000700                . = ALIGN (0x4)
                [!provide]                        PROVIDE (_susrstack = .)
                0x0000000020000800                . = (. + __stack_size)
 *fill*         0x0000000020000700      0x100 
                0x0000000020000800                PROVIDE (_eusrstack = .)
OUTPUT(CH32V003F4P6_tank_sensor.elf elf32-littleriscv)

.debug_info     0x0000000000000000     0xcb0b
 .debug_info    0x0000000000000000     0x31ff ./User/main.o
 .debug_info    0x00000000000031ff     0x1b49 ./User/nrf24_simple.o
 .debug_info    0x0000000000004d48      0x184 ./User/system_ch32v00x.o
 .debug_info    0x0000000000004ecc       0x22 ./Startup/startup_ch32v00x.o
 .debug_info    0x0000000000004eee      0xc78 ./Peripheral/src/ch32v00x_adc.o
 .debug_info    0x0000000000005b66      0x357 ./Peripheral/src/ch32v00x_exti.o
 .debug_info    0x0000000000005ebd      0xbd3 ./Peripheral/src/ch32v00x_flash.o
 .debug_info    0x0000000000006a90      0x786 ./Peripheral/src/ch32v00x_gpio.o
 .debug_info    0x0000000000007216      0x517 ./Peripheral/src/ch32v00x_misc.o
 .debug_info    0x000000000000772d      0x652 ./Peripheral/src/ch32v00x_pwr.o
 .debug_info    0x0000000000007d7f      0x7de ./Peripheral/src/ch32v00x_rcc.o
 .debug_info    0x000000000000855d      0x7ba ./Peripheral/src/ch32v00x_spi.o
 .debug_info    0x0000000000008d17     0x20d1 ./Peripheral/src/ch32v00x_tim.o
 .debug_info    0x000000000000ade8      0xaa3 ./Peripheral/src/ch32v00x_usart.o
 .debug_info    0x000000000000b88b      0xf37 ./Debug/debug.o
 .debug_info    0x000000000000c7c2      0x349 ./Core/core_riscv.o

.debug_abbrev   0x0000000000000000     0x23a1
 .debug_abbrev  0x0000000000000000      0x583 ./User/main.o
 .debug_abbrev  0x0000000000000583      0x39b ./User/nrf24_simple.o
 .debug_abbrev  0x000000000000091e       0xda ./User/system_ch32v00x.o
 .debug_abbrev  0x00000000000009f8       0x12 ./Startup/startup_ch32v00x.o
 .debug_abbrev  0x0000000000000a0a      0x1c7 ./Peripheral/src/ch32v00x_adc.o
 .debug_abbrev  0x0000000000000bd1      0x19a ./Peripheral/src/ch32v00x_exti.o
 .debug_abbrev  0x0000000000000d6b      0x2cb ./Peripheral/src/ch32v00x_flash.o
 .debug_abbrev  0x0000000000001036      0x1da ./Peripheral/src/ch32v00x_gpio.o
 .debug_abbrev  0x0000000000001210      0x1dc ./Peripheral/src/ch32v00x_misc.o
 .debug_abbrev  0x00000000000013ec      0x24b ./Peripheral/src/ch32v00x_pwr.o
 .debug_abbrev  0x0000000000001637      0x262 ./Peripheral/src/ch32v00x_rcc.o
 .debug_abbrev  0x0000000000001899      0x1e3 ./Peripheral/src/ch32v00x_spi.o
 .debug_abbrev  0x0000000000001a7c      0x2f7 ./Peripheral/src/ch32v00x_tim.o
 .debug_abbrev  0x0000000000001d73      0x212 ./Peripheral/src/ch32v00x_usart.o
 .debug_abbrev  0x0000000000001f85      0x30f ./Debug/debug.o
 .debug_abbrev  0x0000000000002294      0x10d ./Core/core_riscv.o

.debug_loc      0x0000000000000000     0x5b78
 .debug_loc     0x0000000000000000      0xddd ./User/main.o
 .debug_loc     0x0000000000000ddd      0x31f ./User/nrf24_simple.o
 .debug_loc     0x00000000000010fc       0x5b ./User/system_ch32v00x.o
 .debug_loc     0x0000000000001157      0x9fa ./Peripheral/src/ch32v00x_adc.o
 .debug_loc     0x0000000000001b51      0x181 ./Peripheral/src/ch32v00x_exti.o
 .debug_loc     0x0000000000001cd2      0xad0 ./Peripheral/src/ch32v00x_flash.o
 .debug_loc     0x00000000000027a2      0x5e2 ./Peripheral/src/ch32v00x_gpio.o
 .debug_loc     0x0000000000002d84       0x47 ./Peripheral/src/ch32v00x_misc.o
 .debug_loc     0x0000000000002dcb      0x19a ./Peripheral/src/ch32v00x_pwr.o
 .debug_loc     0x0000000000002f65      0x5e3 ./Peripheral/src/ch32v00x_rcc.o
 .debug_loc     0x0000000000003548      0x429 ./Peripheral/src/ch32v00x_spi.o
 .debug_loc     0x0000000000003971     0x1936 ./Peripheral/src/ch32v00x_tim.o
 .debug_loc     0x00000000000052a7      0x735 ./Peripheral/src/ch32v00x_usart.o
 .debug_loc     0x00000000000059dc      0x19c ./Debug/debug.o

.debug_aranges  0x0000000000000000      0xbc8
 .debug_aranges
                0x0000000000000000       0xb8 ./User/main.o
 .debug_aranges
                0x00000000000000b8       0xa0 ./User/nrf24_simple.o
 .debug_aranges
                0x0000000000000158       0x28 ./User/system_ch32v00x.o
 .debug_aranges
                0x0000000000000180       0x30 ./Startup/startup_ch32v00x.o
 .debug_aranges
                0x00000000000001b0      0x138 ./Peripheral/src/ch32v00x_adc.o
 .debug_aranges
                0x00000000000002e8       0x50 ./Peripheral/src/ch32v00x_exti.o
 .debug_aranges
                0x0000000000000338      0x110 ./Peripheral/src/ch32v00x_flash.o
 .debug_aranges
                0x0000000000000448       0x98 ./Peripheral/src/ch32v00x_gpio.o
 .debug_aranges
                0x00000000000004e0       0x28 ./Peripheral/src/ch32v00x_misc.o
 .debug_aranges
                0x0000000000000508       0x58 ./Peripheral/src/ch32v00x_pwr.o
 .debug_aranges
                0x0000000000000560       0xe0 ./Peripheral/src/ch32v00x_rcc.o
 .debug_aranges
                0x0000000000000640       0xb8 ./Peripheral/src/ch32v00x_spi.o
 .debug_aranges
                0x00000000000006f8      0x2d8 ./Peripheral/src/ch32v00x_tim.o
 .debug_aranges
                0x00000000000009d0      0x100 ./Peripheral/src/ch32v00x_usart.o
 .debug_aranges
                0x0000000000000ad0       0x50 ./Debug/debug.o
 .debug_aranges
                0x0000000000000b20       0xa8 ./Core/core_riscv.o

.debug_ranges   0x0000000000000000      0xec0
 .debug_ranges  0x0000000000000000      0x3a8 ./User/main.o
 .debug_ranges  0x00000000000003a8       0xf0 ./User/nrf24_simple.o
 .debug_ranges  0x0000000000000498       0x18 ./User/system_ch32v00x.o
 .debug_ranges  0x00000000000004b0       0x28 ./Startup/startup_ch32v00x.o
 .debug_ranges  0x00000000000004d8      0x128 ./Peripheral/src/ch32v00x_adc.o
 .debug_ranges  0x0000000000000600       0x40 ./Peripheral/src/ch32v00x_exti.o
 .debug_ranges  0x0000000000000640      0x100 ./Peripheral/src/ch32v00x_flash.o
 .debug_ranges  0x0000000000000740       0x88 ./Peripheral/src/ch32v00x_gpio.o
 .debug_ranges  0x00000000000007c8       0x30 ./Peripheral/src/ch32v00x_misc.o
 .debug_ranges  0x00000000000007f8       0x90 ./Peripheral/src/ch32v00x_pwr.o
 .debug_ranges  0x0000000000000888       0xd0 ./Peripheral/src/ch32v00x_rcc.o
 .debug_ranges  0x0000000000000958       0xa8 ./Peripheral/src/ch32v00x_spi.o
 .debug_ranges  0x0000000000000a00      0x2f8 ./Peripheral/src/ch32v00x_tim.o
 .debug_ranges  0x0000000000000cf8       0xf0 ./Peripheral/src/ch32v00x_usart.o
 .debug_ranges  0x0000000000000de8       0x40 ./Debug/debug.o
 .debug_ranges  0x0000000000000e28       0x98 ./Core/core_riscv.o

.debug_line     0x0000000000000000     0xeb47
 .debug_line    0x0000000000000000     0x2880 ./User/main.o
 .debug_line    0x0000000000002880      0xd51 ./User/nrf24_simple.o
 .debug_line    0x00000000000035d1      0x34c ./User/system_ch32v00x.o
 .debug_line    0x000000000000391d      0x148 ./Startup/startup_ch32v00x.o
 .debug_line    0x0000000000003a65     0x1436 ./Peripheral/src/ch32v00x_adc.o
 .debug_line    0x0000000000004e9b      0x5ca ./Peripheral/src/ch32v00x_exti.o
 .debug_line    0x0000000000005465     0x1c23 ./Peripheral/src/ch32v00x_flash.o
 .debug_line    0x0000000000007088      0xbf1 ./Peripheral/src/ch32v00x_gpio.o
 .debug_line    0x0000000000007c79      0x3d8 ./Peripheral/src/ch32v00x_misc.o
 .debug_line    0x0000000000008051      0x73d ./Peripheral/src/ch32v00x_pwr.o
 .debug_line    0x000000000000878e      0xdf8 ./Peripheral/src/ch32v00x_rcc.o
 .debug_line    0x0000000000009586      0x9cb ./Peripheral/src/ch32v00x_spi.o
 .debug_line    0x0000000000009f51     0x3053 ./Peripheral/src/ch32v00x_tim.o
 .debug_line    0x000000000000cfa4      0xf02 ./Peripheral/src/ch32v00x_usart.o
 .debug_line    0x000000000000dea6      0x829 ./Debug/debug.o
 .debug_line    0x000000000000e6cf      0x478 ./Core/core_riscv.o

.debug_str      0x0000000000000000     0x3581
 .debug_str     0x0000000000000000     0x13a6 ./User/main.o
                                       0x1471 (size before relaxing)
 .debug_str     0x00000000000013a6      0x187 ./User/nrf24_simple.o
                                        0xa3f (size before relaxing)
 .debug_str     0x000000000000152d       0xc5 ./User/system_ch32v00x.o
                                        0x258 (size before relaxing)
 .debug_str     0x00000000000015f2       0x2a ./Startup/startup_ch32v00x.o
                                         0x70 (size before relaxing)
 .debug_str     0x000000000000161c      0x3b9 ./Peripheral/src/ch32v00x_adc.o
                                        0x7bc (size before relaxing)
 .debug_str     0x00000000000019d5       0x9a ./Peripheral/src/ch32v00x_exti.o
                                        0x3bf (size before relaxing)
 .debug_str     0x0000000000001a6f      0x433 ./Peripheral/src/ch32v00x_flash.o
                                        0x6e7 (size before relaxing)
 .debug_str     0x0000000000001ea2      0x199 ./Peripheral/src/ch32v00x_gpio.o
                                        0x575 (size before relaxing)
 .debug_str     0x000000000000203b       0xb5 ./Peripheral/src/ch32v00x_misc.o
                                        0x53d (size before relaxing)
 .debug_str     0x00000000000020f0       0xbd ./Peripheral/src/ch32v00x_pwr.o
                                        0x431 (size before relaxing)
 .debug_str     0x00000000000021ad      0x2a2 ./Peripheral/src/ch32v00x_rcc.o
                                        0x5e3 (size before relaxing)
 .debug_str     0x000000000000244f      0x19b ./Peripheral/src/ch32v00x_spi.o
                                        0x56b (size before relaxing)
 .debug_str     0x00000000000025ea      0xa0f ./Peripheral/src/ch32v00x_tim.o
                                        0xe9d (size before relaxing)
 .debug_str     0x0000000000002ff9      0x409 ./Peripheral/src/ch32v00x_usart.o
                                        0x732 (size before relaxing)
 .debug_str     0x0000000000003402       0x90 ./Debug/debug.o
                                        0x91d (size before relaxing)
 .debug_str     0x0000000000003492       0xef ./Core/core_riscv.o
                                        0x2a0 (size before relaxing)

.comment        0x0000000000000000       0x33
 .comment       0x0000000000000000       0x33 ./User/main.o
                                         0x34 (size before relaxing)
 .comment       0x0000000000000033       0x34 ./User/nrf24_simple.o
 .comment       0x0000000000000033       0x34 ./User/system_ch32v00x.o
 .comment       0x0000000000000033       0x34 ./Peripheral/src/ch32v00x_adc.o
 .comment       0x0000000000000033       0x34 ./Peripheral/src/ch32v00x_exti.o
 .comment       0x0000000000000033       0x34 ./Peripheral/src/ch32v00x_flash.o
 .comment       0x0000000000000033       0x34 ./Peripheral/src/ch32v00x_gpio.o
 .comment       0x0000000000000033       0x34 ./Peripheral/src/ch32v00x_misc.o
 .comment       0x0000000000000033       0x34 ./Peripheral/src/ch32v00x_pwr.o
 .comment       0x0000000000000033       0x34 ./Peripheral/src/ch32v00x_rcc.o
 .comment       0x0000000000000033       0x34 ./Peripheral/src/ch32v00x_spi.o
 .comment       0x0000000000000033       0x34 ./Peripheral/src/ch32v00x_tim.o
 .comment       0x0000000000000033       0x34 ./Peripheral/src/ch32v00x_usart.o
 .comment       0x0000000000000033       0x34 ./Debug/debug.o
 .comment       0x0000000000000033       0x34 ./Core/core_riscv.o
 .comment       0x0000000000000033       0x34 c:/mounriver/mounriver_studio2/resources/app/resources/win32/components/wch/toolchain/risc-v embedded gcc/bin/../lib/gcc/riscv-none-embed/8.2.0/../../../../riscv-none-embed/lib/rv32ecxw/ilp32e\libprintf.a(wchprintf.o)

.debug_frame    0x0000000000000000     0x1a94
 .debug_frame   0x0000000000000000      0x264 ./User/main.o
 .debug_frame   0x0000000000000264      0x230 ./User/nrf24_simple.o
 .debug_frame   0x0000000000000494       0x30 ./User/system_ch32v00x.o
 .debug_frame   0x00000000000004c4      0x26c ./Peripheral/src/ch32v00x_adc.o
 .debug_frame   0x0000000000000730       0x90 ./Peripheral/src/ch32v00x_exti.o
 .debug_frame   0x00000000000007c0      0x324 ./Peripheral/src/ch32v00x_flash.o
 .debug_frame   0x0000000000000ae4      0x154 ./Peripheral/src/ch32v00x_gpio.o
 .debug_frame   0x0000000000000c38       0x30 ./Peripheral/src/ch32v00x_misc.o
 .debug_frame   0x0000000000000c68       0xb8 ./Peripheral/src/ch32v00x_pwr.o
 .debug_frame   0x0000000000000d20      0x1dc ./Peripheral/src/ch32v00x_rcc.o
 .debug_frame   0x0000000000000efc      0x15c ./Peripheral/src/ch32v00x_spi.o
 .debug_frame   0x0000000000001058      0x624 ./Peripheral/src/ch32v00x_tim.o
 .debug_frame   0x000000000000167c      0x204 ./Peripheral/src/ch32v00x_usart.o
 .debug_frame   0x0000000000001880       0xe4 ./Debug/debug.o
 .debug_frame   0x0000000000001964      0x130 ./Core/core_riscv.o
